--- archive 1280px  http://127.0.0.1:8482/sittings/index.html
    .pbar present=False data-page=None script=False maxScroll=2770
    y=0      text=None     aria=None     fill=None     display=None
    y=693    text=None     aria=None     fill=None     display=None
    y=1385   text=None     aria=None     fill=None     display=None
    y=2078   text=None     aria=None     fill=None     display=None
    y=2770   text=None     aria=None     fill=None     display=None
    VERDICT: absent -> claims nothing. OK (option 1)
--- archive 1440px  http://127.0.0.1:8482/sittings/index.html
    .pbar present=False data-page=None script=False maxScroll=2770
    y=0      text=None     aria=None     fill=None     display=None
    y=693    text=None     aria=None     fill=None     display=None
    y=1385   text=None     aria=None     fill=None     display=None
    y=2078   text=None     aria=None     fill=None     display=None
    y=2770   text=None     aria=None     fill=None     display=None
    VERDICT: absent -> claims nothing. OK (option 1)
--- sitting 1280px  http://127.0.0.1:8482/sittings/2026-08-04.html
    .pbar present=True data-page='2026-08-04' script=True maxScroll=210423
    y=0      text='0%'     aria='0'      fill=''       display=block
    y=52606  text='25%'    aria='25'     fill='25%'    display=block
    y=105212 text='50%'    aria='50'     fill='50%'    display=block
    y=157817 text='75%'    aria='75'     fill='75%'    display=block
    y=210423 text='100%'   aria='100'    fill='100%'   display=block
    VERDICT: reaches 100% at the foot. OK
--- sitting 1440px  http://127.0.0.1:8482/sittings/2026-08-04.html
    .pbar present=True data-page='2026-08-04' script=True maxScroll=210423
    y=0      text='0%'     aria='0'      fill=''       display=block
    y=52606  text='25%'    aria='25'     fill='25%'    display=block
    y=105212 text='50%'    aria='50'     fill='50%'    display=block
    y=157817 text='75%'    aria='75'     fill='75%'    display=block
    y=210423 text='100%'   aria='100'    fill='100%'   display=block
    VERDICT: reaches 100% at the foot. OK

OK: no page renders a progress bar that misreports position.
