
1024px
  viewport 1024px  scrollWidth=1024  overflowX=False  dsec sections=172
  tracks=[526, 416]  gap=34  rule-width=1px  guideDrawn=True
  edges: textLeft=24  textRight=550  sumLeft=584  sumRight=1000
  geometry: track1=526  track2=416  (audit target: 562/416 at >=1160px, gutter 34)
  first section height=2378px of document 217634px (1.1%)
  guides drawn=True  ::before content="" z=-1
  hit test: 16 positions sampled on the rule lines; 0 changed what the page hits when the guides were suppressed
    x=24 y=200 -> DIV.ctx
    x=24 y=400 -> SPAN.csid
    x=24 y=600 -> DIV.ctx
    x=24 y=800 -> DIV.ctx
    x=550 y=200 -> SECTION.dsec
    x=550 y=400 -> SECTION.dsec
    x=550 y=600 -> SECTION.dsec
    x=550 y=800 -> SECTION.dsec
  rail: x=1008 right=1020 position=fixed z=24
  pixel proof: changed px per rule line {24: 804, 550: 804, 584: 680, 1000: 696}
  scroll sweep: 29 positions (fine over the first 9000px, coarse over 216734px)
    card pinned+inside its section at 5 position(s)
    overflow at 0 positions; guides lost at 0; rail not fixed at 0

1280px
  viewport 1280px  scrollWidth=1280  overflowX=False  dsec sections=172
  tracks=[562, 416]  gap=34  rule-width=1px  guideDrawn=True
  edges: textLeft=134  textRight=696  sumLeft=730  sumRight=1146
  geometry: track1=562  track2=416  (audit target: 562/416 at >=1160px, gutter 34)
  first section height=2311px of document 211323px (1.1%)
  guides drawn=True  ::before content="" z=-1
  hit test: 16 positions sampled on the rule lines; 0 changed what the page hits when the guides were suppressed
    x=134 y=200 -> DIV.ctx
    x=134 y=400 -> SPAN.csid
    x=134 y=600 -> DIV.ctx
    x=134 y=800 -> DIV.ctx
    x=696 y=200 -> SECTION.dsec
    x=696 y=400 -> SECTION.dsec
    x=696 y=600 -> SECTION.dsec
    x=696 y=800 -> SECTION.dsec
  rail: x=1154 right=1264 position=fixed z=24
  pixel proof: changed px per rule line {134: 804, 696: 804, 730: 680, 1146: 696}
  scroll sweep: 29 positions (fine over the first 9000px, coarse over 210423px)
    card pinned+inside its section at 5 position(s)
    overflow at 0 positions; guides lost at 0; rail not fixed at 0

1440px
  viewport 1440px  scrollWidth=1440  overflowX=False  dsec sections=172
  tracks=[562, 416]  gap=34  rule-width=1px  guideDrawn=True
  edges: textLeft=214  textRight=776  sumLeft=810  sumRight=1226
  geometry: track1=562  track2=416  (audit target: 562/416 at >=1160px, gutter 34)
  first section height=2311px of document 211323px (1.1%)
  guides drawn=True  ::before content="" z=-1
  hit test: 16 positions sampled on the rule lines; 0 changed what the page hits when the guides were suppressed
    x=214 y=200 -> DIV.ctx
    x=214 y=400 -> SPAN.csid
    x=214 y=600 -> DIV.ctx
    x=214 y=800 -> DIV.ctx
    x=776 y=200 -> SECTION.dsec
    x=776 y=400 -> SECTION.dsec
    x=776 y=600 -> SECTION.dsec
    x=776 y=800 -> SECTION.dsec
  rail: x=1234 right=1424 position=fixed z=24
  pixel proof: changed px per rule line {214: 804, 776: 804, 810: 680, 1226: 696}
  scroll sweep: 29 positions (fine over the first 9000px, coarse over 210423px)
    card pinned+inside its section at 5 position(s)
    overflow at 0 positions; guides lost at 0; rail not fixed at 0

1920px
  viewport 1920px  scrollWidth=1920  overflowX=False  dsec sections=172
  tracks=[562, 416]  gap=34  rule-width=1px  guideDrawn=True
  edges: textLeft=454  textRight=1016  sumLeft=1050  sumRight=1466
  geometry: track1=562  track2=416  (audit target: 562/416 at >=1160px, gutter 34)
  first section height=2311px of document 211323px (1.1%)
  guides drawn=True  ::before content="" z=-1
  hit test: 16 positions sampled on the rule lines; 0 changed what the page hits when the guides were suppressed
    x=454 y=200 -> DIV.ctx
    x=454 y=400 -> SPAN.csid
    x=454 y=600 -> DIV.ctx
    x=454 y=800 -> DIV.ctx
    x=1016 y=200 -> SECTION.dsec
    x=1016 y=400 -> SECTION.dsec
    x=1016 y=600 -> SECTION.dsec
    x=1016 y=800 -> SECTION.dsec
  rail: x=1474 right=1671 position=fixed z=24
  pixel proof: changed px per rule line {454: 804, 1016: 804, 1050: 680, 1466: 696}
  scroll sweep: 29 positions (fine over the first 9000px, coarse over 210423px)
    card pinned+inside its section at 5 position(s)
    overflow at 0 positions; guides lost at 0; rail not fixed at 0

1920px (breakpoint check, expecting grid=True guide=True)
  display=grid  cols=562px 416px
  ::before content=""  shadow=rgb(227, 231, 236) 1px 0px 0px 0px inset, rgb(227, 231, 236) -1px 0px 0px 0px inset
  grid_live=True  guide_drawn=True  overflowX=False

761px (breakpoint check, expecting grid=True guide=True)
  display=grid  cols=263px 416px
  ::before content=""  shadow=rgb(227, 231, 236) 1px 0px 0px 0px inset, rgb(227, 231, 236) -1px 0px 0px 0px inset
  grid_live=True  guide_drawn=True  overflowX=False

760px (breakpoint check, expecting grid=True guide=True)
  display=grid  cols=204px 416px
  ::before content=""  shadow=rgb(227, 231, 236) 1px 0px 0px 0px inset, rgb(227, 231, 236) -1px 0px 0px 0px inset
  grid_live=True  guide_drawn=True  overflowX=False

759px (breakpoint check, expecting grid=False guide=False)
  display=block  cols=none
  ::before content=none  shadow=none
  grid_live=False  guide_drawn=False  overflowX=False

390px (breakpoint check, expecting grid=False guide=False)
  display=block  cols=none
  ::before content=none  shadow=none
  grid_live=False  guide_drawn=False  overflowX=False

====================================================================
PASS: every guide is on a column edge, bounded to its section, painted under the text, and present at every desktop width and no phone width.
exit=0
