===== 390px  elements: worktree=5456 baseline=5456 scrollWidth 390/390
  IDENTICAL: every element's computed style and rect match
===== 740px  elements: worktree=5456 baseline=5456 scrollWidth 740/740
  IDENTICAL: every element's computed style and rect match
===== 759px  elements: worktree=5456 baseline=5456 scrollWidth 759/759
  IDENTICAL: every element's computed style and rect match
===== 760px  elements: worktree=5456 baseline=12500 scrollWidth 760/760
  only in baseline (7044): [('MAIN:2/SECTION:1/ARTICLE:3/SECTION:1/OL:1/LI:0/SPAN:0/DIV:0', 'DIV', 'ctx'), ('MAIN:2/SECTION:1/ARTICLE:3/SECTION:1/OL:1/LI:0/SPAN:0/DIV:0/SPAN:0', 'SPAN', 'csid'), ('MAIN:2/SECTION:1/ARTICLE:3/SECTION:1/OL:1/LI:0/SPAN:0/DIV:0/SPAN:1', 'SPAN', 'cwho'), ('MAIN:2/SECTION:1/ARTICLE:3/SECTION:1/OL:1/LI:0/SPAN:0/DIV:0/P:2', 'P', 'ctx-text'), ('MAIN:2/SECTION:1/ARTICLE:3/SECTION:1/OL:1/LI:0/SPAN:0/DIV:1', 'DIV', 'ctx')]
  RECT DIFFS (5171):
    HTML: baseline={'x': 0, 'y': 0, 'w': 760, 'h': 499656.81} worktree={'x': 0, 'y': 0, 'w': 760, 'h': 66004.69}
    BODY: baseline={'x': 0, 'y': 0, 'w': 760, 'h': 499656.81} worktree={'x': 0, 'y': 0, 'w': 760, 'h': 66004.69}
    wrap: baseline={'x': 0, 'y': 61, 'w': 760, 'h': 499595.81} worktree={'x': 0, 'y': 61, 'w': 760, 'h': 65943.69}
    substance: baseline={'x': 16, 'y': 302.47, 'w': 682, 'h': 498016.13} worktree={'x': 16, 'y': 302.47, 'w': 682, 'h': 64364.02}
    brief brief-v4: baseline={'x': 16, 'y': 414.5, 'w': 682, 'h': 421334.75} worktree={'x': 16, 'y': 414.5, 'w': 682, 'h': 54258.97}
    brief-hd: baseline={'x': 30, 'y': 429.5, 'w': 654, 'h': 126.19} worktree={'x': 30, 'y': 429.5, 'w': 654, 'h': 84.75}
    onlysel: baseline={'x': 30, 'y': 514.25, 'w': 654, 'h': 41.44} worktree={'x': 0, 'y': 0, 'w': 0, 'h': 0}
    osw-in: baseline={'x': 34, 'y': 517.25, 'w': 1, 'h': 1} worktree={'x': 0, 'y': 0, 'w': 0, 'h': 0}
    osw: baseline={'x': 30, 'y': 528.25, 'w': 251.86, 'h': 22} worktree={'x': 0, 'y': 0, 'w': 0, 'h': 0}
    I: baseline={'x': 30, 'y': 528.25, 'w': 38, 'h': 22} worktree={'x': 0, 'y': 0, 'w': 0, 'h': 0}
  COMPUTED-STYLE DIFFS: 11856 across 23 propert(ies)
    alignItems: 175 element(s), e.g.
      'onlysel': baseline='baseline' -> worktree='normal'
      'dsec': baseline='start' -> worktree='normal'
      'dsec': baseline='start' -> worktree='normal'
    bottom: 6 element(s), e.g.
      'osw-in': baseline='322.75px' -> worktree='auto'
      'I': baseline='0px' -> worktree='auto'
      'osw-in': baseline='-421069px' -> worktree='auto'
    columnGap: 175 element(s), e.g.
      'onlysel': baseline='4px' -> worktree='normal'
      'dsec': baseline='34px' -> worktree='normal'
      'dsec': baseline='34px' -> worktree='normal'
    display: 1157 element(s), e.g.
      'onlysel': baseline='flex' -> worktree='none'
      'osw': baseline='flex' -> worktree='inline-flex'
      'oshint': baseline='block' -> worktree='inline'
    fontSize: 172 element(s), e.g.
      'sumtext': baseline='14px' -> worktree='14.5px'
      'sumtext': baseline='14px' -> worktree='14.5px'
      'sumtext': baseline='14px' -> worktree='14.5px'
    gap: 175 element(s), e.g.
      'onlysel': baseline='4px' -> worktree='normal'
      'dsec': baseline='34px' -> worktree='normal'
      'dsec': baseline='34px' -> worktree='normal'
    gridColumn: 344 element(s), e.g.
      'sumcol': baseline='2' -> worktree='auto'
      'vslist': baseline='1' -> worktree='auto'
      'sumcol': baseline='2' -> worktree='auto'
    gridTemplateColumns: 172 element(s), e.g.
      'dsec': baseline='204px 416px' -> worktree='none'
      'dsec': baseline='204px 416px' -> worktree='none'
      'dsec': baseline='204px 416px' -> worktree='none'
    height: 3108 element(s), e.g.
      'HTML': baseline='499657px' -> worktree='66004.7px'
      'BODY': baseline='499657px' -> worktree='66004.7px'
      'wrap': baseline='499596px' -> worktree='65943.7px'
    left: 6 element(s), e.g.
      'osw-in': baseline='30px' -> worktree='auto'
      'I': baseline='0px' -> worktree='auto'
      'osw-in': baseline='30px' -> worktree='auto'
    lineHeight: 172 element(s), e.g.
      'sumtext': baseline='21px' -> worktree='21.75px'
      'sumtext': baseline='21px' -> worktree='21.75px'
      'sumtext': baseline='21px' -> worktree='21.75px'
    margin: 63 element(s), e.g.
      'ctxmark': baseline='0px 0px 0px 157.875px' -> worktree='0px 0px 0px 372.438px'
      'ctxmark': baseline='0px 0px 0px 157.875px' -> worktree='0px 0px 0px 372.438px'
      'ctxmark': baseline='0px 0px 0px 157.875px' -> worktree='0px 0px 0px 335.844px'
    maxHeight: 172 element(s), e.g.
      'sumcol': baseline='750px' -> worktree='none'
      'sumcol': baseline='750px' -> worktree='none'
      'sumcol': baseline='750px' -> worktree='none'
    maxWidth: 323 element(s), e.g.
      'vs-text': baseline='745.781px' -> worktree='none'
      'vs-text': baseline='745.781px' -> worktree='none'
      'vs-text': baseline='745.781px' -> worktree='none'
    minWidth: 929 element(s), e.g.
      'osw': baseline='auto' -> worktree='0px'
      'I': baseline='auto' -> worktree='0px'
      'SPAN': baseline='auto' -> worktree='0px'
    overflow: 172 element(s), e.g.
      'sumcol': baseline='auto' -> worktree='visible'
      'sumcol': baseline='auto' -> worktree='visible'
      'sumcol': baseline='auto' -> worktree='visible'
    overflowX: 172 element(s), e.g.
      'sumcol': baseline='auto' -> worktree='visible'
      'sumcol': baseline='auto' -> worktree='visible'
      'sumcol': baseline='auto' -> worktree='visible'
    overflowY: 172 element(s), e.g.
      'sumcol': baseline='auto' -> worktree='visible'
      'sumcol': baseline='auto' -> worktree='visible'
      'sumcol': baseline='auto' -> worktree='visible'
    position: 344 element(s), e.g.
      'sumcol': baseline='sticky' -> worktree='static'
      'sumwrap': baseline='static' -> worktree='sticky'
      'sumcol': baseline='sticky' -> worktree='static'
    right: 6 element(s), e.g.
      'osw-in': baseline='722px' -> worktree='auto'
      'I': baseline='0px' -> worktree='auto'
      'osw-in': baseline='722px' -> worktree='auto'
    rowGap: 175 element(s), e.g.
      'onlysel': baseline='4px' -> worktree='normal'
      'dsec': baseline='34px' -> worktree='normal'
      'dsec': baseline='34px' -> worktree='normal'
    top: 350 element(s), e.g.
      'osw-in': baseline='514.25px' -> worktree='auto'
      'I': baseline='0px' -> worktree='auto'
      'sumcol': baseline='74px' -> worktree='auto'
    width: 3316 element(s), e.g.
      'onlysel': baseline='654px' -> worktree='auto'
      'osw': baseline='251.859px' -> worktree='auto'
      'SPAN': baseline='203.859px' -> worktree='auto'
===== 761px  elements: worktree=12500 baseline=12500 scrollWidth 761/761
  RECT DIFFS (49):
    section-rail: baseline={'x': 528, 'y': 202.56, 'w': 223, 'h': 438.88} worktree={'x': 745, 'y': 335, 'w': 12, 'h': 208}
    section-rail-fill: baseline={'x': 638.5, 'y': 214.56, 'w': 2, 'h': 414.88} worktree={'x': 750, 'y': 347, 'w': 2, 'h': 184}
    section-rail-track: baseline={'x': 528, 'y': 212.56, 'w': 223, 'h': 188} worktree={'x': 745, 'y': 345, 'w': 12, 'h': 188}
    section-rail-tick level-2 is-active: baseline={'x': 538.48, 'y': 214.56, 'w': 202.02, 'h': 8} worktree={'x': 745, 'y': 347, 'w': 12, 'h': 8}
    section-rail-tick-mark: baseline={'x': 729.1, 'y': 213.16, 'w': 10.8, 'h': 10.8} worktree={'x': 745.6, 'y': 345.6, 'w': 10.8, 'h': 10.8}
    section-rail-name: baseline={'x': 540.48, 'y': 210.53, 'w': 185.02, 'h': 16.06} worktree={'x': 0, 'y': 0, 'w': 0, 'h': 0}
    section-rail-bubble: baseline={'x': 546.94, 'y': 187.4, 'w': 190.09, 'h': 30.33} worktree={'x': 544.94, 'y': 319.83, 'w': 190.09, 'h': 30.33}
    section-rail-go: baseline={'x': 709.34, 'y': 202.56, 'w': 31.66, 'h': 22} worktree={'x': 707.34, 'y': 335, 'w': 31.66, 'h': 22}
    section-rail-tick level-2: baseline={'x': 611.19, 'y': 236.56, 'w': 56.61, 'h': 8} worktree={'x': 745, 'y': 369, 'w': 12, 'h': 8}
    section-rail-tick-mark: baseline={'x': 657.8, 'y': 236.56, 'w': 8, 'h': 8} worktree={'x': 747, 'y': 369, 'w': 8, 'h': 8}
  COMPUTED-STYLE DIFFS: 245 across 22 propert(ies)
    bottom: 20 element(s), e.g.
      'section-rail': baseline='-16.875px' -> worktree='197px'
      'section-rail-bubble': baseline='407.281px' -> worktree='176.406px'
      'section-rail-go': baseline='416.875px' -> worktree='186px'
    display: 9 element(s), e.g.
      'section-rail-name': baseline='block' -> worktree='none'
      'section-rail-name': baseline='block' -> worktree='none'
      'section-rail-name': baseline='block' -> worktree='none'
    flex: 18 element(s), e.g.
      'section-rail-tick-mark': baseline='0 1 auto' -> worktree='0 0 auto'
      'section-rail-name': baseline='0 1 auto' -> worktree='0 0 auto'
      'section-rail-tick-mark': baseline='0 1 auto' -> worktree='0 0 auto'
    flexShrink: 18 element(s), e.g.
      'section-rail-tick-mark': baseline='1' -> worktree='0'
      'section-rail-name': baseline='1' -> worktree='0'
      'section-rail-tick-mark': baseline='1' -> worktree='0'
    fontSize: 9 element(s), e.g.
      'section-rail-name': baseline='10.5px' -> worktree='9.5px'
      'section-rail-name': baseline='10.5px' -> worktree='9.5px'
      'section-rail-name': baseline='10.5px' -> worktree='9.5px'
    height: 11 element(s), e.g.
      'section-rail': baseline='438.875px' -> worktree='208px'
      'section-rail-fill': baseline='414.875px' -> worktree='184px'
      'section-rail-name': baseline='16.0625px' -> worktree='auto'
    justifyContent: 9 element(s), e.g.
      'section-rail-tick level-2 is-active': baseline='flex-end' -> worktree='flex-start'
      'section-rail-tick level-2': baseline='flex-end' -> worktree='flex-start'
      'section-rail-tick level-2': baseline='flex-end' -> worktree='flex-start'
    left: 21 element(s), e.g.
      'section-rail': baseline='528px' -> worktree='745px'
      'section-rail-fill': baseline='111.5px' -> worktree='6px'
      'section-rail-bubble': baseline='14.9844px' -> worktree='-204.016px'
    lineHeight: 9 element(s), e.g.
      'section-rail-name': baseline='12.075px' -> worktree='10.925px'
      'section-rail-name': baseline='12.075px' -> worktree='10.925px'
      'section-rail-name': baseline='12.075px' -> worktree='10.925px'
    margin: 18 element(s), e.g.
      'section-rail-bubble': baseline='0px' -> worktree='0px 6px 0px 0px'
      'section-rail-go': baseline='0px' -> worktree='0px 6px 0px 0px'
      'section-rail-bubble': baseline='0px' -> worktree='0px 6px 0px 0px'
    maxHeight: 1 element(s), e.g.
      'section-rail': baseline='none' -> worktree='726px'
    maxWidth: 9 element(s), e.g.
      'section-rail-name': baseline='190px' -> worktree='74px'
      'section-rail-name': baseline='190px' -> worktree='74px'
      'section-rail-name': baseline='190px' -> worktree='74px'
    minWidth: 18 element(s), e.g.
      'section-rail-tick level-2 is-active': baseline='24px' -> worktree='0px'
      'section-rail-name': baseline='auto' -> worktree='0px'
      'section-rail-tick level-2': baseline='24px' -> worktree='0px'
    order: 9 element(s), e.g.
      'section-rail-name': baseline='-1' -> worktree='0'
      'section-rail-name': baseline='-1' -> worktree='0'
      'section-rail-name': baseline='-1' -> worktree='0'
    padding: 1 element(s), e.g.
      'section-rail-track': baseline='2px 8px' -> worktree='2px 0px'
    paddingLeft: 1 element(s), e.g.
      'section-rail-track': baseline='8px' -> worktree='0px'
    paddingRight: 1 element(s), e.g.
      'section-rail-track': baseline='8px' -> worktree='0px'
    right: 21 element(s), e.g.
      'section-rail': baseline='10px' -> worktree='4px'
      'section-rail-fill': baseline='110.5px' -> worktree='5px'
      'section-rail-bubble': baseline='10px' -> worktree='12px'
    top: 2 element(s), e.g.
      'section-rail': baseline='422px' -> worktree='439px'
      'section-rail-pill': baseline='219.438px' -> worktree='104px'
    transform: 1 element(s), e.g.
      'section-rail': baseline='matrix(1, 0, 0, 1, 0, -219.438)' -> worktree='matrix(1, 0, 0, 1, 0, -104)'
    width: 20 element(s), e.g.
      'section-rail': baseline='223px' -> worktree='12px'
      'section-rail-track': baseline='223px' -> worktree='12px'
      'section-rail-tick level-2 is-active': baseline='202.016px' -> worktree='12px'
    zIndex: 19 element(s), e.g.
      'section-rail': baseline='70' -> worktree='24'
      'section-rail-bubble': baseline='90' -> worktree='26'
      'section-rail-go': baseline='91' -> worktree='26'

TOTAL: 34324 element-snapshots, 12101 differing properties
