===== 1024px WORKTREE
    (no tick pending for this sample)
    tick1 op=1 bubble x=952.66..1002 y=385.2..416.8 go x=970.34..1002 tickCy=401 label='Bills'  OK
    tick2 op=1 bubble x=709.05..1002 y=407.2..438.8 go x=970.34..1002 tickCy=423 label='Road Traffic (Miscellaneous Amendments) Bi…'  OK
    tick3 op=1 bubble x=817.95..1002 y=429.2..460.8 go x=970.34..1002 tickCy=445 label='Debates and other business'  OK
    tick4 op=1 bubble x=711.3..1002 y=451.2..482.8 go x=970.34..1002 tickCy=467 label='Report of the Commission on Parliament Sta…'  OK
    tick5 op=1 bubble x=706.42..1002 y=473.2..504.8 go x=970.34..1002 tickCy=489 label="Reaching 75%: Reforming Singapore's Public…"  OK
    tick6 op=1 bubble x=902.63..1002 y=495.2..526.8 go x=970.34..1002 tickCy=511 label='Oral answers'  OK
    tick7 op=1 bubble x=889.28..1002 y=517.2..548.8 go x=970.34..1002 tickCy=533 label='Everything else'  OK
    tick8 op=1 bubble x=835.95..1002 y=539.2..570.8 go x=970.34..1002 tickCy=555 label='How this page was made'  OK
===== 1024px BASELINE
    (no tick pending for this sample)
    tick1 op=1 bubble x=954.66..1004 y=454.2..485.8 go x=972.34..1004 tickCy=254 label='Bills'  << bubble centre 470.0 vs tick centre 254; bubble covers the rail; go chip above the bubble
    tick2 op=1 bubble x=711.05..1004 y=476.2..507.8 go x=972.34..1004 tickCy=276 label='Road Traffic (Miscellaneous Amendments) Bi…'  << bubble centre 492.0 vs tick centre 276; bubble covers the rail; go chip above the bubble
    tick3 op=1 bubble x=819.95..1004 y=498.2..529.8 go x=972.34..1004 tickCy=298 label='Debates and other business'  << bubble centre 514.0 vs tick centre 298; bubble covers the rail; go chip above the bubble
    tick4 op=1 bubble x=713.3..1004 y=520.2..551.8 go x=972.34..1004 tickCy=320 label='Report of the Commission on Parliament Sta…'  << bubble centre 536.0 vs tick centre 320; bubble covers the rail; go chip above the bubble
    tick5 op=1 bubble x=708.42..1004 y=542.2..573.8 go x=972.34..1004 tickCy=342 label="Reaching 75%: Reforming Singapore's Public…"  << bubble centre 558.0 vs tick centre 342; bubble covers the rail; go chip above the bubble
    tick6 op=1 bubble x=904.63..1004 y=564.2..595.8 go x=972.34..1004 tickCy=364 label='Oral answers'  << bubble centre 580.0 vs tick centre 364; bubble covers the rail; go chip above the bubble
    tick7 op=1 bubble x=891.28..1004 y=586.2..617.8 go x=972.34..1004 tickCy=386 label='Everything else'  << bubble centre 602.0 vs tick centre 386; bubble covers the rail; go chip above the bubble
    tick8 op=1 bubble x=837.95..1004 y=608.2..639.8 go x=972.34..1004 tickCy=408 label='How this page was made'  << bubble centre 624.0 vs tick centre 408; bubble covers the rail; go chip above the bubble
===== 1280px WORKTREE
    (no tick pending for this sample)
    tick1 op=1 bubble x=1098.66..1148 y=385.2..416.8 go x=1116.34..1148 tickCy=401 label='Bills'  OK
    tick2 op=1 bubble x=855.05..1148 y=407.2..438.8 go x=1116.34..1148 tickCy=423 label='Road Traffic (Miscellaneous Amendments) Bi…'  OK
    tick3 op=1 bubble x=963.95..1148 y=429.2..460.8 go x=1116.34..1148 tickCy=445 label='Debates and other business'  OK
    tick4 op=1 bubble x=857.3..1148 y=451.2..482.8 go x=1116.34..1148 tickCy=467 label='Report of the Commission on Parliament Sta…'  OK
    tick5 op=1 bubble x=852.42..1148 y=473.2..504.8 go x=1116.34..1148 tickCy=489 label="Reaching 75%: Reforming Singapore's Public…"  OK
    tick6 op=1 bubble x=1048.63..1148 y=495.2..526.8 go x=1116.34..1148 tickCy=511 label='Oral answers'  OK
    tick7 op=1 bubble x=1035.28..1148 y=517.2..548.8 go x=1116.34..1148 tickCy=533 label='Everything else'  OK
    tick8 op=1 bubble x=981.95..1148 y=539.2..570.8 go x=1116.34..1148 tickCy=555 label='How this page was made'  OK
===== 1280px BASELINE
    (no tick pending for this sample)
    tick1 op=1 bubble x=1210.66..1260 y=454.2..485.8 go x=1228.34..1260 tickCy=254 label='Bills'  << bubble centre 470.0 vs tick centre 254; bubble covers the rail; go chip above the bubble
    tick2 op=1 bubble x=967.05..1260 y=476.2..507.8 go x=1228.34..1260 tickCy=276 label='Road Traffic (Miscellaneous Amendments) Bi…'  << bubble centre 492.0 vs tick centre 276; bubble covers the rail; go chip above the bubble
    tick3 op=1 bubble x=1075.95..1260 y=498.2..529.8 go x=1228.34..1260 tickCy=298 label='Debates and other business'  << bubble centre 514.0 vs tick centre 298; bubble covers the rail; go chip above the bubble
    tick4 op=1 bubble x=969.3..1260 y=520.2..551.8 go x=1228.34..1260 tickCy=320 label='Report of the Commission on Parliament Sta…'  << bubble centre 536.0 vs tick centre 320; bubble covers the rail; go chip above the bubble
    tick5 op=1 bubble x=964.42..1260 y=542.2..573.8 go x=1228.34..1260 tickCy=342 label="Reaching 75%: Reforming Singapore's Public…"  << bubble centre 558.0 vs tick centre 342; bubble covers the rail; go chip above the bubble
    tick6 op=1 bubble x=1160.63..1260 y=564.2..595.8 go x=1228.34..1260 tickCy=364 label='Oral answers'  << bubble centre 580.0 vs tick centre 364; bubble covers the rail; go chip above the bubble
    tick7 op=1 bubble x=1147.28..1260 y=586.2..617.8 go x=1228.34..1260 tickCy=386 label='Everything else'  << bubble centre 602.0 vs tick centre 386; bubble covers the rail; go chip above the bubble
    tick8 op=1 bubble x=1093.95..1260 y=608.2..639.8 go x=1228.34..1260 tickCy=408 label='How this page was made'  << bubble centre 624.0 vs tick centre 408; bubble covers the rail; go chip above the bubble
===== 1440px WORKTREE
    (no tick pending for this sample)
    tick1 op=1 bubble x=1178.66..1228 y=385.2..416.8 go x=1196.34..1228 tickCy=401 label='Bills'  OK
    tick2 op=1 bubble x=935.05..1228 y=407.2..438.8 go x=1196.34..1228 tickCy=423 label='Road Traffic (Miscellaneous Amendments) Bi…'  OK
    tick3 op=1 bubble x=1043.95..1228 y=429.2..460.8 go x=1196.34..1228 tickCy=445 label='Debates and other business'  OK
    tick4 op=1 bubble x=937.3..1228 y=451.2..482.8 go x=1196.34..1228 tickCy=467 label='Report of the Commission on Parliament Sta…'  OK
    tick5 op=1 bubble x=932.42..1228 y=473.2..504.8 go x=1196.34..1228 tickCy=489 label="Reaching 75%: Reforming Singapore's Public…"  OK
    tick6 op=1 bubble x=1128.63..1228 y=495.2..526.8 go x=1196.34..1228 tickCy=511 label='Oral answers'  OK
    tick7 op=1 bubble x=1115.28..1228 y=517.2..548.8 go x=1196.34..1228 tickCy=533 label='Everything else'  OK
    tick8 op=1 bubble x=1061.95..1228 y=539.2..570.8 go x=1196.34..1228 tickCy=555 label='How this page was made'  OK
===== 1440px BASELINE
    (no tick pending for this sample)
    tick1 op=1 bubble x=1370.66..1420 y=454.2..485.8 go x=1388.34..1420 tickCy=254 label='Bills'  << bubble centre 470.0 vs tick centre 254; bubble covers the rail; go chip above the bubble
    tick2 op=1 bubble x=1127.05..1420 y=476.2..507.8 go x=1388.34..1420 tickCy=276 label='Road Traffic (Miscellaneous Amendments) Bi…'  << bubble centre 492.0 vs tick centre 276; bubble covers the rail; go chip above the bubble
    tick3 op=1 bubble x=1235.95..1420 y=498.2..529.8 go x=1388.34..1420 tickCy=298 label='Debates and other business'  << bubble centre 514.0 vs tick centre 298; bubble covers the rail; go chip above the bubble
    tick4 op=1 bubble x=1129.3..1420 y=520.2..551.8 go x=1388.34..1420 tickCy=320 label='Report of the Commission on Parliament Sta…'  << bubble centre 536.0 vs tick centre 320; bubble covers the rail; go chip above the bubble
    tick5 op=1 bubble x=1124.42..1420 y=542.2..573.8 go x=1388.34..1420 tickCy=342 label="Reaching 75%: Reforming Singapore's Public…"  << bubble centre 558.0 vs tick centre 342; bubble covers the rail; go chip above the bubble
    tick6 op=1 bubble x=1320.63..1420 y=564.2..595.8 go x=1388.34..1420 tickCy=364 label='Oral answers'  << bubble centre 580.0 vs tick centre 364; bubble covers the rail; go chip above the bubble
    tick7 op=1 bubble x=1307.28..1420 y=586.2..617.8 go x=1388.34..1420 tickCy=386 label='Everything else'  << bubble centre 602.0 vs tick centre 386; bubble covers the rail; go chip above the bubble
    tick8 op=1 bubble x=1253.95..1420 y=608.2..639.8 go x=1388.34..1420 tickCy=408 label='How this page was made'  << bubble centre 624.0 vs tick centre 408; bubble covers the rail; go chip above the bubble
===== 1920px WORKTREE
    (no tick pending for this sample)
    tick1 op=1 bubble x=1418.66..1468 y=385.2..416.8 go x=1436.34..1468 tickCy=401 label='Bills'  OK
    tick2 op=1 bubble x=1175.05..1468 y=407.2..438.8 go x=1436.34..1468 tickCy=423 label='Road Traffic (Miscellaneous Amendments) Bi…'  OK
    tick3 op=1 bubble x=1283.95..1468 y=429.2..460.8 go x=1436.34..1468 tickCy=445 label='Debates and other business'  OK
    tick4 op=1 bubble x=1177.3..1468 y=451.2..482.8 go x=1436.34..1468 tickCy=467 label='Report of the Commission on Parliament Sta…'  OK
    tick5 op=1 bubble x=1172.42..1468 y=473.2..504.8 go x=1436.34..1468 tickCy=489 label="Reaching 75%: Reforming Singapore's Public…"  OK
    tick6 op=1 bubble x=1368.63..1468 y=495.2..526.8 go x=1436.34..1468 tickCy=511 label='Oral answers'  OK
    tick7 op=1 bubble x=1355.28..1468 y=517.2..548.8 go x=1436.34..1468 tickCy=533 label='Everything else'  OK
    tick8 op=1 bubble x=1301.95..1468 y=539.2..570.8 go x=1436.34..1468 tickCy=555 label='How this page was made'  OK
===== 1920px BASELINE
    (no tick pending for this sample)
    tick1 op=1 bubble x=1850.66..1900 y=454.2..485.8 go x=1868.34..1900 tickCy=254 label='Bills'  << bubble centre 470.0 vs tick centre 254; bubble covers the rail; go chip above the bubble
    tick2 op=1 bubble x=1607.05..1900 y=476.2..507.8 go x=1868.34..1900 tickCy=276 label='Road Traffic (Miscellaneous Amendments) Bi…'  << bubble centre 492.0 vs tick centre 276; bubble covers the rail; go chip above the bubble
    tick3 op=1 bubble x=1715.95..1900 y=498.2..529.8 go x=1868.34..1900 tickCy=298 label='Debates and other business'  << bubble centre 514.0 vs tick centre 298; bubble covers the rail; go chip above the bubble
    tick4 op=1 bubble x=1609.3..1900 y=520.2..551.8 go x=1868.34..1900 tickCy=320 label='Report of the Commission on Parliament Sta…'  << bubble centre 536.0 vs tick centre 320; bubble covers the rail; go chip above the bubble
    tick5 op=1 bubble x=1604.42..1900 y=542.2..573.8 go x=1868.34..1900 tickCy=342 label="Reaching 75%: Reforming Singapore's Public…"  << bubble centre 558.0 vs tick centre 342; bubble covers the rail; go chip above the bubble
    tick6 op=1 bubble x=1800.63..1900 y=564.2..595.8 go x=1868.34..1900 tickCy=364 label='Oral answers'  << bubble centre 580.0 vs tick centre 364; bubble covers the rail; go chip above the bubble
    tick7 op=1 bubble x=1787.28..1900 y=586.2..617.8 go x=1868.34..1900 tickCy=386 label='Everything else'  << bubble centre 602.0 vs tick centre 386; bubble covers the rail; go chip above the bubble
    tick8 op=1 bubble x=1733.95..1900 y=608.2..639.8 go x=1868.34..1900 tickCy=408 label='How this page was made'  << bubble centre 624.0 vs tick centre 408; bubble covers the rail; go chip above the bubble

RESULT: 32 failing of 64 sampled preview states
