==============================================================================
BOTTOM CHROME: back-to-top button + resume toast vs the desktop progress bar
page: /sittings/2026-08-04.html   widths: [390, 759, 760, 761, 1024, 1280, 1440, 1920]   chrome: Google Chrome
==============================================================================

----- 390px  (phone)
  .totop   box={'x': 332, 'y': 840, 'right': 376, 'bottom': 884, 'w': 44, 'h': 44}
           css={'bottom': '16px', 'bottomPx': 16, 'right': '14px', 'rightPx': 14, 'zIndex': '40', 'display': 'block', 'visibility': 'visible', 'opacity': '1'}
  .pbar    live=False box=None  css={'display': 'none', 'height': 'auto', 'heightPx': None, 'bottom': 'auto', 'bottomPx': None, 'zIndex': 'auto'}
  .resume  present=True css={'bottom': '16px', 'bottomPx': 16, 'zIndex': '45'}
  --chrome-h='0px'  --pbar-h=''  scrollY=5000  overflowX=False
  phone: bar hidden; button bottom 16px, toast bottom 16px -- original insets
  hits: resume-bottom->DIV.resume(RESUME)  totop-10px->DIV.resume(RESUME)  totop-1px->DIV.resume(RESUME)  totop-3px->DIV.resume(RESUME)  totop-6px->DIV.resume(RESUME)

----- 759px  (phone)
  .totop   box={'x': 701, 'y': 840, 'right': 745, 'bottom': 884, 'w': 44, 'h': 44}
           css={'bottom': '16px', 'bottomPx': 16, 'right': '14px', 'rightPx': 14, 'zIndex': '40', 'display': 'block', 'visibility': 'visible', 'opacity': '1'}
  .pbar    live=False box=None  css={'display': 'none', 'height': 'auto', 'heightPx': None, 'bottom': 'auto', 'bottomPx': None, 'zIndex': 'auto'}
  .resume  present=True css={'bottom': '16px', 'bottomPx': 16, 'zIndex': '45'}
  --chrome-h='0px'  --pbar-h=''  scrollY=5000  overflowX=False
  phone: bar hidden; button bottom 16px, toast bottom 16px -- original insets
  hits: resume-bottom->DIV.resume(RESUME)  totop-10px->DIV.resume(RESUME)  totop-1px->DIV.resume(RESUME)  totop-3px->DIV.resume(RESUME)  totop-6px->DIV.resume(RESUME)

----- 760px  (phone)
  .totop   box={'x': 702, 'y': 840, 'right': 746, 'bottom': 884, 'w': 44, 'h': 44}
           css={'bottom': '16px', 'bottomPx': 16, 'right': '14px', 'rightPx': 14, 'zIndex': '40', 'display': 'block', 'visibility': 'visible', 'opacity': '1'}
  .pbar    live=False box=None  css={'display': 'none', 'height': 'auto', 'heightPx': None, 'bottom': 'auto', 'bottomPx': None, 'zIndex': 'auto'}
  .resume  present=True css={'bottom': '16px', 'bottomPx': 16, 'zIndex': '45'}
  --chrome-h='0px'  --pbar-h=''  scrollY=5000  overflowX=False
  phone: bar hidden; button bottom 16px, toast bottom 16px -- original insets
  hits: resume-bottom->DIV.resume(RESUME)  totop-10px->DIV.resume(RESUME)  totop-1px->DIV.resume(RESUME)  totop-3px->DIV.resume(RESUME)  totop-6px->DIV.resume(RESUME)

----- 761px  (desktop)
  .totop   box={'x': 701, 'y': 814, 'right': 745, 'bottom': 858, 'w': 44, 'h': 44}
           css={'bottom': '42px', 'bottomPx': 42, 'right': '16px', 'rightPx': 16, 'zIndex': '40', 'display': 'block', 'visibility': 'visible', 'opacity': '1'}
  .pbar    live=True box={'x': 0, 'y': 874, 'right': 761, 'bottom': 900, 'w': 761, 'h': 26}  css={'display': 'block', 'height': '26px', 'heightPx': 26, 'bottom': '0px', 'bottomPx': 0, 'zIndex': '44'}
  .resume  present=True css={'bottom': '42px', 'bottomPx': 42, 'zIndex': '45'}
  --chrome-h='26px'  --pbar-h='26px'  scrollY=5000  overflowX=False
  overlap=0px  clearance(bar top - button bottom)=16px
  toast overlap=0px  clearance=16px
  hits: resume-bottom->DIV.resume(RESUME)  totop-10px->DIV.resume(RESUME)  totop-1px->DIV.resume(RESUME)  totop-3px->DIV.resume(RESUME)  totop-6px->DIV.resume(RESUME)

----- 1024px  (desktop)
  .totop   box={'x': 964, 'y': 814, 'right': 1008, 'bottom': 858, 'w': 44, 'h': 44}
           css={'bottom': '42px', 'bottomPx': 42, 'right': '16px', 'rightPx': 16, 'zIndex': '40', 'display': 'block', 'visibility': 'visible', 'opacity': '1'}
  .pbar    live=True box={'x': 0, 'y': 874, 'right': 1024, 'bottom': 900, 'w': 1024, 'h': 26}  css={'display': 'block', 'height': '26px', 'heightPx': 26, 'bottom': '0px', 'bottomPx': 0, 'zIndex': '44'}
  .resume  present=True css={'bottom': '42px', 'bottomPx': 42, 'zIndex': '45'}
  --chrome-h='26px'  --pbar-h='26px'  scrollY=5000  overflowX=False
  overlap=0px  clearance(bar top - button bottom)=16px
  toast overlap=0px  clearance=16px
  hits: resume-bottom->DIV.resume(RESUME)  totop-10px->DIV.resume(RESUME)  totop-1px->DIV.resume(RESUME)  totop-3px->DIV.resume(RESUME)  totop-6px->DIV.resume(RESUME)

----- 1280px  (desktop)
  .totop   box={'x': 1220, 'y': 814, 'right': 1264, 'bottom': 858, 'w': 44, 'h': 44}
           css={'bottom': '42px', 'bottomPx': 42, 'right': '16px', 'rightPx': 16, 'zIndex': '40', 'display': 'block', 'visibility': 'visible', 'opacity': '1'}
  .pbar    live=True box={'x': 0, 'y': 874, 'right': 1280, 'bottom': 900, 'w': 1280, 'h': 26}  css={'display': 'block', 'height': '26px', 'heightPx': 26, 'bottom': '0px', 'bottomPx': 0, 'zIndex': '44'}
  .resume  present=True css={'bottom': '42px', 'bottomPx': 42, 'zIndex': '45'}
  --chrome-h='26px'  --pbar-h='26px'  scrollY=5000  overflowX=False
  overlap=0px  clearance(bar top - button bottom)=16px
  toast overlap=0px  clearance=16px
  hits: resume-bottom->DIV.resume(RESUME)  totop-10px->DIV.resume(RESUME)  totop-1px->DIV.resume(RESUME)  totop-3px->DIV.resume(RESUME)  totop-6px->DIV.resume(RESUME)

----- 1440px  (desktop)
  .totop   box={'x': 1380, 'y': 814, 'right': 1424, 'bottom': 858, 'w': 44, 'h': 44}
           css={'bottom': '42px', 'bottomPx': 42, 'right': '16px', 'rightPx': 16, 'zIndex': '40', 'display': 'block', 'visibility': 'visible', 'opacity': '1'}
  .pbar    live=True box={'x': 0, 'y': 874, 'right': 1440, 'bottom': 900, 'w': 1440, 'h': 26}  css={'display': 'block', 'height': '26px', 'heightPx': 26, 'bottom': '0px', 'bottomPx': 0, 'zIndex': '44'}
  .resume  present=True css={'bottom': '42px', 'bottomPx': 42, 'zIndex': '45'}
  --chrome-h='26px'  --pbar-h='26px'  scrollY=5000  overflowX=False
  overlap=0px  clearance(bar top - button bottom)=16px
  toast overlap=0px  clearance=16px
  hits: resume-bottom->DIV.resume(RESUME)  totop-10px->DIV.resume(RESUME)  totop-1px->DIV.resume(RESUME)  totop-3px->DIV.resume(RESUME)  totop-6px->DIV.resume(RESUME)

----- 1920px  (desktop)
  .totop   box={'x': 1860, 'y': 814, 'right': 1904, 'bottom': 858, 'w': 44, 'h': 44}
           css={'bottom': '42px', 'bottomPx': 42, 'right': '16px', 'rightPx': 16, 'zIndex': '40', 'display': 'block', 'visibility': 'visible', 'opacity': '1'}
  .pbar    live=True box={'x': 0, 'y': 874, 'right': 1920, 'bottom': 900, 'w': 1920, 'h': 26}  css={'display': 'block', 'height': '26px', 'heightPx': 26, 'bottom': '0px', 'bottomPx': 0, 'zIndex': '44'}
  .resume  present=True css={'bottom': '42px', 'bottomPx': 42, 'zIndex': '45'}
  --chrome-h='26px'  --pbar-h='26px'  scrollY=5000  overflowX=False
  overlap=0px  clearance(bar top - button bottom)=16px
  toast overlap=0px  clearance=16px
  hits: resume-bottom->DIV.resume(RESUME)  totop-10px->DIV.resume(RESUME)  totop-1px->DIV.resume(RESUME)  totop-3px->DIV.resume(RESUME)  totop-6px->DIV.resume(RESUME)

==============================================================================
D13/D14 CHECK: 8 width(s) measured, 32 FAILURE(S)
==============================================================================
  FAIL 390px: at bottom edge -1px the hit is DIV.resume (bar=False), not .totop
  FAIL 390px: at bottom edge -3px the hit is DIV.resume (bar=False), not .totop
  FAIL 390px: at bottom edge -6px the hit is DIV.resume (bar=False), not .totop
  FAIL 390px: at bottom edge -10px the hit is DIV.resume (bar=False), not .totop
  FAIL 759px: at bottom edge -1px the hit is DIV.resume (bar=False), not .totop
  FAIL 759px: at bottom edge -3px the hit is DIV.resume (bar=False), not .totop
  FAIL 759px: at bottom edge -6px the hit is DIV.resume (bar=False), not .totop
  FAIL 759px: at bottom edge -10px the hit is DIV.resume (bar=False), not .totop
  FAIL 760px: at bottom edge -1px the hit is DIV.resume (bar=False), not .totop
  FAIL 760px: at bottom edge -3px the hit is DIV.resume (bar=False), not .totop
  FAIL 760px: at bottom edge -6px the hit is DIV.resume (bar=False), not .totop
  FAIL 760px: at bottom edge -10px the hit is DIV.resume (bar=False), not .totop
  FAIL 761px: at bottom edge -1px the hit is DIV.resume (bar=False), not .totop
  FAIL 761px: at bottom edge -3px the hit is DIV.resume (bar=False), not .totop
  FAIL 761px: at bottom edge -6px the hit is DIV.resume (bar=False), not .totop
  FAIL 761px: at bottom edge -10px the hit is DIV.resume (bar=False), not .totop
  FAIL 1024px: at bottom edge -1px the hit is DIV.resume (bar=False), not .totop
  FAIL 1024px: at bottom edge -3px the hit is DIV.resume (bar=False), not .totop
  FAIL 1024px: at bottom edge -6px the hit is DIV.resume (bar=False), not .totop
  FAIL 1024px: at bottom edge -10px the hit is DIV.resume (bar=False), not .totop
  FAIL 1280px: at bottom edge -1px the hit is DIV.resume (bar=False), not .totop
  FAIL 1280px: at bottom edge -3px the hit is DIV.resume (bar=False), not .totop
  FAIL 1280px: at bottom edge -6px the hit is DIV.resume (bar=False), not .totop
  FAIL 1280px: at bottom edge -10px the hit is DIV.resume (bar=False), not .totop
  FAIL 1440px: at bottom edge -1px the hit is DIV.resume (bar=False), not .totop
  FAIL 1440px: at bottom edge -3px the hit is DIV.resume (bar=False), not .totop
  FAIL 1440px: at bottom edge -6px the hit is DIV.resume (bar=False), not .totop
  FAIL 1440px: at bottom edge -10px the hit is DIV.resume (bar=False), not .totop
  FAIL 1920px: at bottom edge -1px the hit is DIV.resume (bar=False), not .totop
  FAIL 1920px: at bottom edge -3px the hit is DIV.resume (bar=False), not .totop
  FAIL 1920px: at bottom edge -6px the hit is DIV.resume (bar=False), not .totop
  FAIL 1920px: at bottom edge -10px the hit is DIV.resume (bar=False), not .totop
