===== 1024px
  WORKTREE: viewport=1024 overflowX=False
    D1 rail.x=1008 contentRight=1000 boxClearance=8 dotClearance=10 OK (right of content)
    D3 dotXs=[1014] spread=0 OK (single column)
    D4 fill x=1013..1015 centre=1014.0 dotColumnX=1014 offset=0.0 OK (on the dot column)
    D5 rail box h=208 track h=188 top=467px transform=matrix(1, 0, 0, 1, 0, -104)
    PREVIEW tick0: never became pending
    PREVIEW tick1 op=1 bubble x=952.66..1002 y=385.2..416.8 go x=970.34..1002 ok
    PREVIEW tick2 op=1 bubble x=709.05..1002 y=407.2..438.8 go x=970.34..1002 ok
    PREVIEW tick3 op=1 bubble x=817.95..1002 y=429.2..460.8 go x=970.34..1002 ok
    PREVIEW tick4 op=1 bubble x=711.3..1002 y=451.2..482.8 go x=970.34..1002 ok
    PREVIEW tick5 op=1 bubble x=706.42..1002 y=473.2..504.8 go x=970.34..1002 ok
    PREVIEW tick6 op=1 bubble x=902.63..1002 y=495.2..526.8 go x=970.34..1002 ok
    PREVIEW tick7 op=1 bubble x=889.28..1002 y=517.2..548.8 go x=970.34..1002 ok
    PREVIEW tick8 op=1 bubble x=835.95..1002 y=539.2..570.8 go x=970.34..1002 ok
===== 1280px
  WORKTREE: viewport=1280 overflowX=False
    D1 rail.x=1154 contentRight=1146 boxClearance=8 dotClearance=10 OK (right of content)
    D3 dotXs=[1160] spread=0 OK (single column)
    D4 fill x=1159..1161 centre=1160.0 dotColumnX=1160 offset=0.0 OK (on the dot column)
    D5 rail box h=208 track h=188 top=467px transform=matrix(1, 0, 0, 1, 0, -104)
    PREVIEW tick0: never became pending
    PREVIEW tick1 op=1 bubble x=1098.66..1148 y=385.2..416.8 go x=1116.34..1148 ok
    PREVIEW tick2 op=1 bubble x=855.05..1148 y=407.2..438.8 go x=1116.34..1148 ok
    PREVIEW tick3 op=1 bubble x=963.95..1148 y=429.2..460.8 go x=1116.34..1148 ok
    PREVIEW tick4 op=1 bubble x=857.3..1148 y=451.2..482.8 go x=1116.34..1148 ok
    PREVIEW tick5 op=1 bubble x=852.42..1148 y=473.2..504.8 go x=1116.34..1148 ok
    PREVIEW tick6 op=1 bubble x=1048.63..1148 y=495.2..526.8 go x=1116.34..1148 ok
    PREVIEW tick7 op=1 bubble x=1035.28..1148 y=517.2..548.8 go x=1116.34..1148 ok
    PREVIEW tick8 op=1 bubble x=981.95..1148 y=539.2..570.8 go x=1116.34..1148 ok
===== 1440px
  WORKTREE: viewport=1440 overflowX=False
    D1 rail.x=1234 contentRight=1226 boxClearance=8 dotClearance=10 OK (right of content)
    D3 dotXs=[1240] spread=0 OK (single column)
    D4 fill x=1239..1241 centre=1240.0 dotColumnX=1240 offset=0.0 OK (on the dot column)
    D5 rail box h=208 track h=188 top=467px transform=matrix(1, 0, 0, 1, 0, -104)
    PREVIEW tick0: never became pending
    PREVIEW tick1 op=1 bubble x=1178.66..1228 y=385.2..416.8 go x=1196.34..1228 ok
    PREVIEW tick2 op=1 bubble x=935.05..1228 y=407.2..438.8 go x=1196.34..1228 ok
    PREVIEW tick3 op=1 bubble x=1043.95..1228 y=429.2..460.8 go x=1196.34..1228 ok
    PREVIEW tick4 op=1 bubble x=937.3..1228 y=451.2..482.8 go x=1196.34..1228 ok
    PREVIEW tick5 op=1 bubble x=932.42..1228 y=473.2..504.8 go x=1196.34..1228 ok
    PREVIEW tick6 op=1 bubble x=1128.63..1228 y=495.2..526.8 go x=1196.34..1228 ok
    PREVIEW tick7 op=1 bubble x=1115.28..1228 y=517.2..548.8 go x=1196.34..1228 ok
    PREVIEW tick8 op=1 bubble x=1061.95..1228 y=539.2..570.8 go x=1196.34..1228 ok
===== 1920px
  WORKTREE: viewport=1920 overflowX=False
    D1 rail.x=1474 contentRight=1466 boxClearance=8 dotClearance=10 OK (right of content)
    D3 dotXs=[1480] spread=0 OK (single column)
    D4 fill x=1479..1481 centre=1480.0 dotColumnX=1480 offset=0.0 OK (on the dot column)
    D5 rail box h=208 track h=188 top=467px transform=matrix(1, 0, 0, 1, 0, -104)
    PREVIEW tick0: never became pending
    PREVIEW tick1 op=1 bubble x=1418.66..1468 y=385.2..416.8 go x=1436.34..1468 ok
    PREVIEW tick2 op=1 bubble x=1175.05..1468 y=407.2..438.8 go x=1436.34..1468 ok
    PREVIEW tick3 op=1 bubble x=1283.95..1468 y=429.2..460.8 go x=1436.34..1468 ok
    PREVIEW tick4 op=1 bubble x=1177.3..1468 y=451.2..482.8 go x=1436.34..1468 ok
    PREVIEW tick5 op=1 bubble x=1172.42..1468 y=473.2..504.8 go x=1436.34..1468 ok
    PREVIEW tick6 op=1 bubble x=1368.63..1468 y=495.2..526.8 go x=1436.34..1468 ok
    PREVIEW tick7 op=1 bubble x=1355.28..1468 y=517.2..548.8 go x=1436.34..1468 ok
    PREVIEW tick8 op=1 bubble x=1301.95..1468 y=539.2..570.8 go x=1436.34..1468 ok
