===== 390px  elements: worktree=5456 baseline=5456 scrollWidth 390/390
  IDENTICAL: every element's computed style and rect match
===== 740px  elements: worktree=5456 baseline=5456 scrollWidth 740/740
  IDENTICAL: every element's computed style and rect match
===== 759px  elements: worktree=5456 baseline=5456 scrollWidth 759/759
  IDENTICAL: every element's computed style and rect match
===== 760px  elements: worktree=12500 baseline=12500 scrollWidth 760/760
  IDENTICAL: every element's computed style and rect match
===== 761px  elements: worktree=12500 baseline=12500 scrollWidth 761/761
  RECT DIFFS (49):
    section-rail: baseline={'x': 528, 'y': 202.56, 'w': 223, 'h': 438.88} worktree={'x': 745, 'y': 335, 'w': 12, 'h': 208}
    section-rail-fill: baseline={'x': 638.5, 'y': 214.56, 'w': 2, 'h': 414.88} worktree={'x': 750, 'y': 347, 'w': 2, 'h': 184}
    section-rail-track: baseline={'x': 528, 'y': 212.56, 'w': 223, 'h': 188} worktree={'x': 745, 'y': 345, 'w': 12, 'h': 188}
    section-rail-tick level-2 is-active: baseline={'x': 538.48, 'y': 214.56, 'w': 202.02, 'h': 8} worktree={'x': 745, 'y': 347, 'w': 12, 'h': 8}
    section-rail-tick-mark: baseline={'x': 729.1, 'y': 213.16, 'w': 10.8, 'h': 10.8} worktree={'x': 745.6, 'y': 345.6, 'w': 10.8, 'h': 10.8}
    section-rail-name: baseline={'x': 540.48, 'y': 210.53, 'w': 185.02, 'h': 16.06} worktree={'x': 0, 'y': 0, 'w': 0, 'h': 0}
    section-rail-bubble: baseline={'x': 546.94, 'y': 187.4, 'w': 190.09, 'h': 30.33} worktree={'x': 544.94, 'y': 319.83, 'w': 190.09, 'h': 30.33}
    section-rail-go: baseline={'x': 709.34, 'y': 202.56, 'w': 31.66, 'h': 22} worktree={'x': 707.34, 'y': 335, 'w': 31.66, 'h': 22}
    section-rail-tick level-2: baseline={'x': 611.19, 'y': 236.56, 'w': 56.61, 'h': 8} worktree={'x': 745, 'y': 369, 'w': 12, 'h': 8}
    section-rail-tick-mark: baseline={'x': 657.8, 'y': 236.56, 'w': 8, 'h': 8} worktree={'x': 747, 'y': 369, 'w': 8, 'h': 8}
  COMPUTED-STYLE DIFFS: 245 across 22 propert(ies)
    bottom: 20 element(s), e.g.
      'section-rail': baseline='-16.875px' -> worktree='197px'
      'section-rail-bubble': baseline='407.281px' -> worktree='176.406px'
      'section-rail-go': baseline='416.875px' -> worktree='186px'
    display: 9 element(s), e.g.
      'section-rail-name': baseline='block' -> worktree='none'
      'section-rail-name': baseline='block' -> worktree='none'
      'section-rail-name': baseline='block' -> worktree='none'
    flex: 18 element(s), e.g.
      'section-rail-tick-mark': baseline='0 1 auto' -> worktree='0 0 auto'
      'section-rail-name': baseline='0 1 auto' -> worktree='0 0 auto'
      'section-rail-tick-mark': baseline='0 1 auto' -> worktree='0 0 auto'
    flexShrink: 18 element(s), e.g.
      'section-rail-tick-mark': baseline='1' -> worktree='0'
      'section-rail-name': baseline='1' -> worktree='0'
      'section-rail-tick-mark': baseline='1' -> worktree='0'
    fontSize: 9 element(s), e.g.
      'section-rail-name': baseline='10.5px' -> worktree='9.5px'
      'section-rail-name': baseline='10.5px' -> worktree='9.5px'
      'section-rail-name': baseline='10.5px' -> worktree='9.5px'
    height: 11 element(s), e.g.
      'section-rail': baseline='438.875px' -> worktree='208px'
      'section-rail-fill': baseline='414.875px' -> worktree='184px'
      'section-rail-name': baseline='16.0625px' -> worktree='auto'
    justifyContent: 9 element(s), e.g.
      'section-rail-tick level-2 is-active': baseline='flex-end' -> worktree='flex-start'
      'section-rail-tick level-2': baseline='flex-end' -> worktree='flex-start'
      'section-rail-tick level-2': baseline='flex-end' -> worktree='flex-start'
    left: 21 element(s), e.g.
      'section-rail': baseline='528px' -> worktree='745px'
      'section-rail-fill': baseline='111.5px' -> worktree='6px'
      'section-rail-bubble': baseline='14.9844px' -> worktree='-204.016px'
    lineHeight: 9 element(s), e.g.
      'section-rail-name': baseline='12.075px' -> worktree='10.925px'
      'section-rail-name': baseline='12.075px' -> worktree='10.925px'
      'section-rail-name': baseline='12.075px' -> worktree='10.925px'
    margin: 18 element(s), e.g.
      'section-rail-bubble': baseline='0px' -> worktree='0px 6px 0px 0px'
      'section-rail-go': baseline='0px' -> worktree='0px 6px 0px 0px'
      'section-rail-bubble': baseline='0px' -> worktree='0px 6px 0px 0px'
    maxHeight: 1 element(s), e.g.
      'section-rail': baseline='none' -> worktree='726px'
    maxWidth: 9 element(s), e.g.
      'section-rail-name': baseline='190px' -> worktree='74px'
      'section-rail-name': baseline='190px' -> worktree='74px'
      'section-rail-name': baseline='190px' -> worktree='74px'
    minWidth: 18 element(s), e.g.
      'section-rail-tick level-2 is-active': baseline='24px' -> worktree='0px'
      'section-rail-name': baseline='auto' -> worktree='0px'
      'section-rail-tick level-2': baseline='24px' -> worktree='0px'
    order: 9 element(s), e.g.
      'section-rail-name': baseline='-1' -> worktree='0'
      'section-rail-name': baseline='-1' -> worktree='0'
      'section-rail-name': baseline='-1' -> worktree='0'
    padding: 1 element(s), e.g.
      'section-rail-track': baseline='2px 8px' -> worktree='2px 0px'
    paddingLeft: 1 element(s), e.g.
      'section-rail-track': baseline='8px' -> worktree='0px'
    paddingRight: 1 element(s), e.g.
      'section-rail-track': baseline='8px' -> worktree='0px'
    right: 21 element(s), e.g.
      'section-rail': baseline='10px' -> worktree='4px'
      'section-rail-fill': baseline='110.5px' -> worktree='5px'
      'section-rail-bubble': baseline='10px' -> worktree='12px'
    top: 2 element(s), e.g.
      'section-rail': baseline='422px' -> worktree='439px'
      'section-rail-pill': baseline='219.438px' -> worktree='104px'
    transform: 1 element(s), e.g.
      'section-rail': baseline='matrix(1, 0, 0, 1, 0, -219.438)' -> worktree='matrix(1, 0, 0, 1, 0, -104)'
    width: 20 element(s), e.g.
      'section-rail': baseline='223px' -> worktree='12px'
      'section-rail-track': baseline='223px' -> worktree='12px'
      'section-rail-tick level-2 is-active': baseline='202.016px' -> worktree='12px'
    zIndex: 19 element(s), e.g.
      'section-rail': baseline='70' -> worktree='24'
      'section-rail-bubble': baseline='90' -> worktree='26'
      'section-rail-go': baseline='91' -> worktree='26'

TOTAL: 41368 element-snapshots, 245 differing properties
