==============================================================================
STATIC CHECKS (markup / generated CSS / generator source)
==============================================================================
D6   FIXED
     audit claim : two breakpoints disagree; at 760 the reading column is 204px
     measured    : min-width=[700, 761, 1200] max-width=[760] EXACT COLLISION=[]
D10  CHANGED
     audit claim : .railhead has no CSS rule of its own (count 0)
     measured    : '.railhead' occurrences in theme.css = 1
D11  STILL PRESENT
     audit claim : .sec-head is defined but no generated page uses it
     measured    : defined=True; pages containing class="sec-head" = 0 of 332
D16  STILL PRESENT
     audit claim : trailing gap marker is a sibling <li> of its <ol>
     measured    : '</ol><li' occurrences on one page = 171
D17  STILL PRESENT
     audit claim : railCollect() sets level=2 for every tick; .level-3 unreachable
     measured    : level assignments in build_site.py = ['2']
D13  SEE LIVE MEASUREMENT
     audit claim : .totop bottom:16px under a 26px .pbar at bottom:0 (44x10px overlap)
     measured    : totop: .totop{position:fixed;right:16px;bottom:16px;z-index:var(--z-totop);width:44px;height:44px;
  border-radius:50
D14  SEE LIVE MEASUREMENT
     audit claim : .resume bottom is set only inside the >=761px block
     measured    : base .resume: .resume{position:fixed;left:16px;right:16px;bottom:16px;z-index:var(--z-resume);
  display; pbar: .pbar{display:none}

==============================================================================
LIVE CHECKS (headless Chrome, sitting page)
==============================================================================

----- 760px
  D9  text column left=30 width=None wrap content right=698
       5/6 sampled headings span the FULL wrap (right edge == wrap content right)
         x=16      w=682     right=698     'has-section-anchor'
         x=16      w=682     right=698     'railhead has-section-anchor'
         x=16      w=682     right=698     'railhead has-section-anchor'
         x=16      w=682     right=698     'has-section-anchor'
         x=16      w=682     right=698     'has-section-anchor'
         x=32      w=650     right=682     'has-section-anchor'
  D10 railhead='Bills' {'fontSize': '19px', 'lineHeight': '23.18px', 'fontWeight': '700', 'color': 'rgb(20, 24, 29)', 'y': 391.33, 'h': 23.17}
      group   ='What the Government is doing' {'fontSize': '19px', 'lineHeight': '23.18px', 'fontWeight': '700', 'color': 'rgb(20, 24, 29)', 'y': 324.47, 'h': 23.17}
  D12 .vs-text maxWidth=none measured=654 (never binds on desktop)
  D13 .totop={'x': 702, 'y': 840, 'right': 746, 'bottom': 884, 'w': 44, 'h': 44}
      .pbar ={'x': 0, 'y': 0, 'right': 0, 'bottom': 0, 'w': 0, 'h': 0} display=none
      overlap height=0px  hit at overlap=None
  D14 .resume present=False bottom=None box=None

----- 761px
  D9  text column left=24 width=263 wrap content right=737
       5/6 sampled headings span the FULL wrap (right edge == wrap content right)
         x=24      w=713     right=737     'has-section-anchor'
         x=24      w=713     right=737     'railhead has-section-anchor'
         x=24      w=713     right=737     'railhead has-section-anchor'
         x=24      w=713     right=737     'has-section-anchor'
         x=24      w=713     right=737     'has-section-anchor'
         x=55      w=651     right=706     'has-section-anchor'
  D10 railhead='Bills' {'fontSize': '24px', 'lineHeight': '28.8px', 'fontWeight': '700', 'color': 'rgb(20, 24, 29)', 'y': 488.56, 'h': 28.8}
      group   ='What the Government is doing' {'fontSize': '24px', 'lineHeight': '28.8px', 'fontWeight': '700', 'color': 'rgb(20, 24, 29)', 'y': 405.42, 'h': 28.8}
  D12 .vs-text maxWidth=745.781px measured=263 (never binds on desktop)
  D13 .totop={'x': 701, 'y': 840, 'right': 745, 'bottom': 884, 'w': 44, 'h': 44}
      .pbar ={'x': 0, 'y': 874, 'right': 761, 'bottom': 900, 'w': 761, 'h': 26} display=block
      overlap height=10px  hit at overlap=SPAN.pbar-txt
  D14 .resume present=False bottom=None box=None

==============================================================================
D15 -- the archive page's progress bar
==============================================================================
{
  "url": "http://127.0.0.1:8480/sittings/index.html",
  "hasDataPage": false,
  "dataPage": null,
  "totopPresent": false,
  "railPresent": false,
  "pbarBefore": {
    "text": "0%",
    "aria": "0",
    "display": "block"
  },
  "pbarAfterScrollToBottom": {
    "text": "0%",
    "aria": "0",
    "y": 874
  },
  "scrollY": 2770
}

Ran to completion. Verdicts above; no assertion failed to execute.
