==============================================================================
STATIC CHECKS (markup / generated CSS / generator source)
==============================================================================
D6   STILL PRESENT
     audit claim : two breakpoints disagree; at 760 the reading column is 204px
     measured    : min-width=[700, 760, 761, 1200] max-width=[760] EXACT COLLISION=[760]
D10  CHANGED
     audit claim : .railhead has no CSS rule of its own (count 0)
     measured    : '.railhead' occurrences in theme.css = 1
D11  STILL PRESENT
     audit claim : .sec-head is defined but no generated page uses it
     measured    : defined=True; pages containing class="sec-head" = 0 of 332
D16  STILL PRESENT
     audit claim : trailing gap marker is a sibling <li> of its <ol>
     measured    : '</ol><li' occurrences on one page = 171
D17  STILL PRESENT
     audit claim : railCollect() sets level=2 for every tick; .level-3 unreachable
     measured    : level assignments in build_site.py = ['2']
D13  SEE LIVE MEASUREMENT
     audit claim : .totop bottom:16px under a 26px .pbar at bottom:0 (44x10px overlap)
     measured    : totop: .totop{position:fixed;right:16px;bottom:16px;z-index:var(--z-totop);width:44px;height:44px;
  border-radius:50
D14  SEE LIVE MEASUREMENT
     audit claim : .resume bottom is set only inside the >=761px block
     measured    : base .resume: .resume{position:fixed;left:16px;right:16px;bottom:16px;z-index:var(--z-resume);
  display; pbar: .pbar{display:none}

==============================================================================
LIVE CHECKS (headless Chrome, sitting page)
==============================================================================

----- 1280px
  D9  text column left=134 width=562 wrap content right=1146
       5/6 sampled headings span the FULL wrap (right edge == wrap content right)
         x=134     w=1012    right=1146    'has-section-anchor'
         x=134     w=1012    right=1146    'railhead has-section-anchor'
         x=134     w=1012    right=1146    'railhead has-section-anchor'
         x=134     w=1012    right=1146    'has-section-anchor'
         x=134     w=1012    right=1146    'has-section-anchor'
         x=165     w=950     right=1115    'has-section-anchor'
  D10 railhead='Bills' {'fontSize': '24px', 'lineHeight': '28.8px', 'fontWeight': '700', 'color': 'rgb(20, 24, 29)', 'y': 488.59, 'h': 28.8}
      group   ='What the Government is doing' {'fontSize': '24px', 'lineHeight': '28.8px', 'fontWeight': '700', 'color': 'rgb(20, 24, 29)', 'y': 428.13, 'h': 28.8}
  D12 .vs-text maxWidth=745.781px measured=562 (never binds on desktop)
  D13 .totop={'x': 1220, 'y': 840, 'right': 1264, 'bottom': 884, 'w': 44, 'h': 44}
      .pbar ={'x': 0, 'y': 874, 'right': 1280, 'bottom': 900, 'w': 1280, 'h': 26} display=block
      overlap height=10px  hit at overlap=SPAN.pbar-txt
  D14 .resume present=False bottom=None box=None

----- 1440px
  D9  text column left=214 width=562 wrap content right=1226
       5/6 sampled headings span the FULL wrap (right edge == wrap content right)
         x=214     w=1012    right=1226    'has-section-anchor'
         x=214     w=1012    right=1226    'railhead has-section-anchor'
         x=214     w=1012    right=1226    'railhead has-section-anchor'
         x=214     w=1012    right=1226    'has-section-anchor'
         x=214     w=1012    right=1226    'has-section-anchor'
         x=245     w=950     right=1195    'has-section-anchor'
  D10 railhead='Bills' {'fontSize': '24px', 'lineHeight': '28.8px', 'fontWeight': '700', 'color': 'rgb(20, 24, 29)', 'y': 488.59, 'h': 28.8}
      group   ='What the Government is doing' {'fontSize': '24px', 'lineHeight': '28.8px', 'fontWeight': '700', 'color': 'rgb(20, 24, 29)', 'y': 428.13, 'h': 28.8}
  D12 .vs-text maxWidth=745.781px measured=562 (never binds on desktop)
  D13 .totop={'x': 1380, 'y': 840, 'right': 1424, 'bottom': 884, 'w': 44, 'h': 44}
      .pbar ={'x': 0, 'y': 874, 'right': 1440, 'bottom': 900, 'w': 1440, 'h': 26} display=block
      overlap height=10px  hit at overlap=SPAN.pbar-txt
  D14 .resume present=False bottom=None box=None

==============================================================================
D15 -- the archive page's progress bar
==============================================================================
{
  "url": "http://127.0.0.1:8481/sittings/index.html",
  "hasDataPage": false,
  "dataPage": null,
  "totopPresent": false,
  "railPresent": false,
  "pbarBefore": {
    "text": "0%",
    "aria": "0",
    "display": "block"
  },
  "pbarAfterScrollToBottom": {
    "text": "0%",
    "aria": "0",
    "y": 874
  },
  "scrollY": 2770
}

Ran to completion. Verdicts above; no assertion failed to execute.
