[2026-09-16 23:53:16] === batch run start: 2017-2025 ===
[2026-09-16 23:53:16] --- 2017 start ---
[23:53:16] === batch 2017 ===
[23:53:16] discovering sittings for 2017 ...  (cached if previously probed)
[00:01:57]   25 sitting day(s)
[00:01:57] backfill start: 25 to fetch, 0 already on disk
[00:03:20] [1/25] 2017-01-09  80/78 (1.026) 72,950w 292t attr=0.966 empty=3 [83s]
[00:04:40] [2/25] 2017-01-10  34/32 (1.062) 57,095w 226t attr=0.969 empty=2 [80s]
[00:06:04] [3/25] 2017-02-06  102/100 (1.02) 69,749w 407t attr=0.98 empty=3 [84s]
[00:07:24] [4/25] 2017-02-07  40/38 (1.053) 47,416w 192t attr=0.969 empty=2 [80s]
[00:08:45] [5/25] 2017-02-20  45/43 (1.047) 28,929w 168t attr=0.994 empty=3 [80s]
[00:10:05] [6/25] 2017-02-28  35/33 (1.061) 70,856w 189t attr=0.937 empty=2 [80s]
[00:10:19] [7/25] 2017-03-01  15/15 (1.0) 69,587w 131t attr=0.954 empty=0 [14s]
[00:10:32] [8/25] 2017-03-02  15/15 (1.0) 64,680w 190t attr=0.979 empty=0 [14s]
[00:10:46] [9/25] 2017-03-03  15/15 (1.0) 74,249w 268t attr=0.989 empty=0 [13s]
[00:10:59] [10/25] 2017-03-06  6/6 (1.0) 74,361w 203t attr=0.99 empty=0 [13s]
[00:11:13] [11/25] 2017-03-07  6/6 (1.0) 77,054w 225t attr=0.987 empty=0 [13s]
[00:11:26] [12/25] 2017-03-08  10/10 (1.0) 72,913w 221t attr=0.991 empty=0 [14s]
[00:11:40] [13/25] 2017-03-09  17/17 (1.0) 60,836w 210t attr=0.962 empty=0 [13s]
[00:11:53] [14/25] 2017-03-10  13/13 (1.0) 53,442w 183t attr=0.956 empty=0 [13s]
[00:13:16] [15/25] 2017-04-03  88/87 (1.011) 73,649w 329t attr=0.957 empty=2 [83s]
[00:14:36] [16/25] 2017-04-04  30/28 (1.071) 71,294w 155t attr=0.974 empty=2 [80s]
[00:15:59] [17/25] 2017-05-08  100/99 (1.01) 78,974w 357t attr=0.972 empty=2 [83s]
[00:17:23] [18/25] 2017-07-03  98/99 (0.99) 89,897w 332t attr=0.988 empty=3 [84s]
[00:18:46] [19/25] 2017-07-04  45/44 (1.023) 59,566w 245t attr=0.967 empty=1 [83s]
[00:20:10] [20/25] 2017-08-01  82/80 (1.025) 52,674w 233t attr=0.974 empty=2 [84s]
[00:21:36] [21/25] 2017-09-11  123/130 (0.946) 77,830w 369t attr=0.954 empty=3 [87s]
[00:23:02] [22/25] 2017-10-02  107/105 (1.019) 66,210w 338t attr=0.962 empty=2 [85s]
[00:23:16] [23/25] 2017-10-03  36/36 (1.0) 58,706w 200t attr=0.98 empty=1 [14s]
[00:24:39] [24/25] 2017-11-06  96/98 (0.98) 76,645w 330t attr=0.967 empty=2 [83s]
[00:26:00] [25/25] 2017-11-07  37/35 (1.057) 70,514w 215t attr=0.981 empty=2 [81s]
[00:26:00] backfill done in 1443s: 25 fetched, 0 failed
[00:26:00] manifest now has 77 sitting(s)
[2026-09-17 00:26:00] --- 2017 done: +25 sittings (total 77) [ok] ---
[2026-09-17 00:26:00] --- 2018 start ---
[00:26:00] === batch 2018 ===
[00:26:00] discovering sittings for 2018 ...  (cached if previously probed)
