BEFORE docs/layout-audit/baseline-measurements.json  url=http://127.0.0.1:8435/sittings/2026-08-04.html
AFTER  docs/layout-root/measurements.json  url=http://127.0.0.1:8477/sittings/2026-08-04.html

516 measured difference(s):

  1024px/at_top/sticky.rail.bottom
      before=684
      after =571
  1024px/at_top/sticky.rail.h
      before=468
      after =208
  1024px/at_top/sticky.rail.right
      before=1014
      after =1020
  1024px/at_top/sticky.rail.right_css
      before='10px'
      after ='4px'
  1024px/at_top/sticky.rail.top
      before='450px'
      after ='467px'
  1024px/at_top/sticky.rail.w
      before=223
      after =12
  1024px/at_top/sticky.rail.width
      before='223px'
      after ='12px'
  1024px/at_top/sticky.rail.x
      before=791
      after =1008
  1024px/at_top/sticky.rail.y
      before=216
      after =363
  1024px/at_top/sticky.rail.zIndex
      before='70'
      after ='24'
  1024px/at_top/sticky.railBubble.bottom
      before=231.16
      after =378.17
  1024px/at_top/sticky.railBubble.margin
      before='0px'
      after ='0px 6px 0px 0px'
  1024px/at_top/sticky.railBubble.right
      before=1000.04
      after =998.04
  1024px/at_top/sticky.railBubble.right_css
      before='10px'
      after ='12px'
  1024px/at_top/sticky.railBubble.x
      before=809.94
      after =807.94
  1024px/at_top/sticky.railBubble.y
      before=200.84
      after =347.83
  1024px/at_top/sticky.railBubble.zIndex
      before='90'
      after ='26'
  1024px/at_top/sticky.railFill.bottom
      before=672
      after =559
  1024px/at_top/sticky.railFill.h
      before=444
      after =184
  1024px/at_top/sticky.railFill.right
      before=903.5
      after =1015
  1024px/at_top/sticky.railFill.right_css
      before='110.5px'
      after ='5px'
  1024px/at_top/sticky.railFill.x
      before=901.5
      after =1013
  1024px/at_top/sticky.railFill.y
      before=228
      after =375
  1024px/at_top/sticky.railGo.bottom
      before=238
      after =385
  1024px/at_top/sticky.railGo.margin
      before='0px'
      after ='0px 6px 0px 0px'
  1024px/at_top/sticky.railGo.right
      before=1004
      after =1002
  1024px/at_top/sticky.railGo.right_css
      before='10px'
      after ='12px'
  1024px/at_top/sticky.railGo.x
      before=972.34
      after =970.34
  1024px/at_top/sticky.railGo.y
      before=216
      after =363
  1024px/at_top/sticky.railGo.zIndex
      before='91'
      after ='26'
  1024px/at_top/sticky.railMarks.first.cy
      before=232
      after =379
  1024px/at_top/sticky.railMarks.first.right
      before=1002.9
      after =1019.4
  1024px/at_top/sticky.railMarks.first.x
      before=992.1
      after =1008.6
  1024px/at_top/sticky.railMarks.last.cy
      before=408
      after =555
  1024px/at_top/sticky.railMarks.last.right
      before=982.53
      after =1018
  1024px/at_top/sticky.railMarks.last.x
      before=974.53
      after =1010
  1024px/at_top/sticky.railName.borderLeft
      before='0px'
      after ='<absent>'
  1024px/at_top/sticky.railName.borderRight
      before='0px'
      after ='<absent>'
  1024px/at_top/sticky.railName.bottom
      before=240.03
      after ='<absent>'
  1024px/at_top/sticky.railName.display
      before='block'
      after ='<absent>'
  1024px/at_top/sticky.railName.gap
      before='normal'
      after ='<absent>'
  1024px/at_top/sticky.railName.gridTemplateColumns
      before='none'
      after ='<absent>'
  1024px/at_top/sticky.railName.h
      before=16.06
      after ='<absent>'
  1024px/at_top/sticky.railName.margin
      before='0px'
      after ='<absent>'
  1024px/at_top/sticky.railName.maxWidth
      before='190px'
      after ='<absent>'
  1024px/at_top/sticky.railName.opacity
      before='1'
      after ='<absent>'
  1024px/at_top/sticky.railName.padding
      before='2px 4px'
      after ='<absent>'
  1024px/at_top/sticky.railName.position
      before='static'
      after ='<absent>'
  1024px/at_top/sticky.railName.present
      before=True
      after =False
  1024px/at_top/sticky.railName.right
      before=988.5
      after ='<absent>'
  1024px/at_top/sticky.railName.right_css
      before='auto'
      after ='<absent>'
  1024px/at_top/sticky.railName.top
      before='auto'
      after ='<absent>'
  1024px/at_top/sticky.railName.w
      before=185.02
      after ='<absent>'
  1024px/at_top/sticky.railName.width
      before='185.016px'
      after ='<absent>'
  1024px/at_top/sticky.railName.x
      before=803.48
      after ='<absent>'
  1024px/at_top/sticky.railName.y
      before=223.97
      after ='<absent>'
  1024px/at_top/sticky.railName.zIndex
      before='auto'
      after ='<absent>'
  1024px/at_top/sticky.railPill.bottom
      before=461.56
      after =478.56
  1024px/at_top/sticky.railPill.right
      before=1020
      after =1024
  1024px/at_top/sticky.railPill.right_css
      before='0px'
      after ='2px'
  1024px/at_top/sticky.railPill.top
      before='234px'
      after ='104px'
  1024px/at_top/sticky.railPill.x
      before=838.16
      after =842.16
  1024px/at_top/sticky.railPill.y
      before=438.44
      after =455.44
  1024px/at_top/sticky.railTicks.bottom
      before=412
      after =559
  1024px/at_top/sticky.railTicks.right
      before=984.53
      after =1020
  1024px/at_top/sticky.railTicks.w
      before=202.02
      after =12
  1024px/at_top/sticky.railTicks.x
      before=801.48
      after =1008
  1024px/at_top/sticky.railTicks.y
      before=228
      after =375
  1024px/at_top/sticky.railTrack.bottom
      before=414
      after =561
  1024px/at_top/sticky.railTrack.padding
      before='2px 8px'
      after ='2px 0px'
  1024px/at_top/sticky.railTrack.right
      before=1014
      after =1020
  1024px/at_top/sticky.railTrack.w
      before=223
      after =12
  1024px/at_top/sticky.railTrack.width
      before='223px'
      after ='12px'
  1024px/at_top/sticky.railTrack.x
      before=791
      after =1008
  1024px/at_top/sticky.railTrack.y
      before=226
      after =373
  1024px/scrolled/sticky.rail.bottom
      before=684
      after =571
  1024px/scrolled/sticky.rail.h
      before=468
      after =208
  1024px/scrolled/sticky.rail.right
      before=1014
      after =1020
  1024px/scrolled/sticky.rail.right_css
      before='10px'
      after ='4px'
  1024px/scrolled/sticky.rail.top
      before='450px'
      after ='467px'
  1024px/scrolled/sticky.rail.w
      before=223
      after =12
  1024px/scrolled/sticky.rail.width
      before='223px'
      after ='12px'
  1024px/scrolled/sticky.rail.x
      before=791
      after =1008
  1024px/scrolled/sticky.rail.y
      before=216
      after =363
  1024px/scrolled/sticky.rail.zIndex
      before='70'
      after ='24'
  1024px/scrolled/sticky.railBubble.bottom
      before=231.16
      after =378.17
  1024px/scrolled/sticky.railBubble.margin
      before='0px'
      after ='0px 6px 0px 0px'
  1024px/scrolled/sticky.railBubble.right
      before=1000.04
      after =998.04
  1024px/scrolled/sticky.railBubble.right_css
      before='10px'
      after ='12px'
  1024px/scrolled/sticky.railBubble.x
      before=809.94
      after =807.94
  1024px/scrolled/sticky.railBubble.y
      before=200.84
      after =347.83
  1024px/scrolled/sticky.railBubble.zIndex
      before='90'
      after ='26'
  1024px/scrolled/sticky.railFill.bottom
      before=672
      after =559
  1024px/scrolled/sticky.railFill.h
      before=444
      after =184
  1024px/scrolled/sticky.railFill.right
      before=903.5
      after =1015
  1024px/scrolled/sticky.railFill.right_css
      before='110.5px'
      after ='5px'
  1024px/scrolled/sticky.railFill.x
      before=901.5
      after =1013
  1024px/scrolled/sticky.railFill.y
      before=228
      after =375
  1024px/scrolled/sticky.railGo.bottom
      before=238
      after =385
  1024px/scrolled/sticky.railGo.margin
      before='0px'
      after ='0px 6px 0px 0px'
  1024px/scrolled/sticky.railGo.right
      before=1004
      after =1002
  1024px/scrolled/sticky.railGo.right_css
      before='10px'
      after ='12px'
  1024px/scrolled/sticky.railGo.x
      before=972.34
      after =970.34
  1024px/scrolled/sticky.railGo.y
      before=216
      after =363
  1024px/scrolled/sticky.railGo.zIndex
      before='91'
      after ='26'
  1024px/scrolled/sticky.railMarks.first.cy
      before=232
      after =379
  1024px/scrolled/sticky.railMarks.first.right
      before=1001.5
      after =1018
  1024px/scrolled/sticky.railMarks.first.x
      before=993.5
      after =1010
  1024px/scrolled/sticky.railMarks.last.cy
      before=408
      after =555
  1024px/scrolled/sticky.railMarks.last.right
      before=982.53
      after =1018
  1024px/scrolled/sticky.railMarks.last.x
      before=974.53
      after =1010
  1024px/scrolled/sticky.railName.borderLeft
      before='0px'
      after ='<absent>'
  1024px/scrolled/sticky.railName.borderRight
      before='0px'
      after ='<absent>'
  1024px/scrolled/sticky.railName.bottom
      before=240.03
      after ='<absent>'
  1024px/scrolled/sticky.railName.display
      before='block'
      after ='<absent>'
  1024px/scrolled/sticky.railName.gap
      before='normal'
      after ='<absent>'
  1024px/scrolled/sticky.railName.gridTemplateColumns
      before='none'
      after ='<absent>'
  1024px/scrolled/sticky.railName.h
      before=16.06
      after ='<absent>'
  1024px/scrolled/sticky.railName.margin
      before='0px'
      after ='<absent>'
  1024px/scrolled/sticky.railName.maxWidth
      before='190px'
      after ='<absent>'
  1024px/scrolled/sticky.railName.opacity
      before='1'
      after ='<absent>'
  1024px/scrolled/sticky.railName.padding
      before='2px 4px'
      after ='<absent>'
  1024px/scrolled/sticky.railName.position
      before='static'
      after ='<absent>'
  1024px/scrolled/sticky.railName.present
      before=True
      after =False
  1024px/scrolled/sticky.railName.right
      before=988.5
      after ='<absent>'
  1024px/scrolled/sticky.railName.right_css
      before='auto'
      after ='<absent>'
  1024px/scrolled/sticky.railName.top
      before='auto'
      after ='<absent>'
  1024px/scrolled/sticky.railName.w
      before=185.02
      after ='<absent>'
  1024px/scrolled/sticky.railName.width
      before='185.016px'
      after ='<absent>'
  1024px/scrolled/sticky.railName.x
      before=803.48
      after ='<absent>'
  1024px/scrolled/sticky.railName.y
      before=223.97
      after ='<absent>'
  1024px/scrolled/sticky.railName.zIndex
      before='auto'
      after ='<absent>'
  1024px/scrolled/sticky.railPill.bottom
      before=461.56
      after =478.56
  1024px/scrolled/sticky.railPill.right
      before=1020
      after =1024
  1024px/scrolled/sticky.railPill.right_css
      before='0px'
      after ='2px'
  1024px/scrolled/sticky.railPill.top
      before='234px'
      after ='104px'
  1024px/scrolled/sticky.railPill.x
      before=830
      after =834
  1024px/scrolled/sticky.railPill.y
      before=438.44
      after =455.44
  1024px/scrolled/sticky.railTicks.bottom
      before=412
      after =559
  1024px/scrolled/sticky.railTicks.right
      before=984.53
      after =1020
  1024px/scrolled/sticky.railTicks.w
      before=202.02
      after =12
  1024px/scrolled/sticky.railTicks.x
      before=801.48
      after =1008
  1024px/scrolled/sticky.railTicks.y
      before=228
      after =375
  1024px/scrolled/sticky.railTrack.bottom
      before=414
      after =561
  1024px/scrolled/sticky.railTrack.padding
      before='2px 8px'
      after ='2px 0px'
  1024px/scrolled/sticky.railTrack.right
      before=1014
      after =1020
  1024px/scrolled/sticky.railTrack.w
      before=223
      after =12
  1024px/scrolled/sticky.railTrack.width
      before='223px'
      after ='12px'
  1024px/scrolled/sticky.railTrack.x
      before=791
      after =1008
  1024px/scrolled/sticky.railTrack.y
      before=226
      after =373
  1280px/at_top/sticky.rail.bottom
      before=684
      after =571
  1280px/at_top/sticky.rail.h
      before=468
      after =208
  1280px/at_top/sticky.rail.right
      before=1270
      after =1264
  1280px/at_top/sticky.rail.right_css
      before='10px'
      after ='16px'
  1280px/at_top/sticky.rail.top
      before='450px'
      after ='467px'
  1280px/at_top/sticky.rail.w
      before=223
      after =110
  1280px/at_top/sticky.rail.width
      before='223px'
      after ='110px'
  1280px/at_top/sticky.rail.x
      before=1047
      after =1154
  1280px/at_top/sticky.rail.y
      before=216
      after =363
  1280px/at_top/sticky.rail.zIndex
      before='70'
      after ='24'
  1280px/at_top/sticky.railBubble.bottom
      before=231.16
      after =378.17
  1280px/at_top/sticky.railBubble.margin
      before='0px'
      after ='0px 6px 0px 0px'
  1280px/at_top/sticky.railBubble.right
      before=1256.04
      after =1144.04
  1280px/at_top/sticky.railBubble.right_css
      before='10px'
      after ='110px'
  1280px/at_top/sticky.railBubble.x
      before=1065.94
      after =953.94
  1280px/at_top/sticky.railBubble.y
      before=200.84
      after =347.83
  1280px/at_top/sticky.railBubble.zIndex
      before='90'
      after ='26'
  1280px/at_top/sticky.railFill.bottom
      before=672
      after =559
  1280px/at_top/sticky.railFill.h
      before=444
      after =184
  1280px/at_top/sticky.railFill.right
      before=1159.5
      after =1161
  1280px/at_top/sticky.railFill.right_css
      before='110.5px'
      after ='103px'
  1280px/at_top/sticky.railFill.x
      before=1157.5
      after =1159
  1280px/at_top/sticky.railFill.y
      before=228
      after =375
  1280px/at_top/sticky.railGo.bottom
      before=238
      after =385
  1280px/at_top/sticky.railGo.margin
      before='0px'
      after ='0px 6px 0px 0px'
  1280px/at_top/sticky.railGo.right
      before=1260
      after =1148
  1280px/at_top/sticky.railGo.right_css
      before='10px'
      after ='110px'
  1280px/at_top/sticky.railGo.x
      before=1228.34
      after =1116.34
  1280px/at_top/sticky.railGo.y
      before=216
      after =363
  1280px/at_top/sticky.railGo.zIndex
      before='91'
      after ='26'
  1280px/at_top/sticky.railMarks.first.cy
      before=232
      after =379
  1280px/at_top/sticky.railMarks.first.right
      before=1258.9
      after =1165.4
  1280px/at_top/sticky.railMarks.first.x
      before=1248.1
      after =1154.6
  1280px/at_top/sticky.railMarks.last.cy
      before=408
      after =555
  1280px/at_top/sticky.railMarks.last.right
      before=1238.53
      after =1164
  1280px/at_top/sticky.railMarks.last.x
      before=1230.53
      after =1156
  1280px/at_top/sticky.railName.bottom
      before=240.03
      after =387.03
  1280px/at_top/sticky.railName.maxWidth
      before='190px'
      after ='93px'
  1280px/at_top/sticky.railName.right
      before=1244.5
      after =1262
  1280px/at_top/sticky.railName.w
      before=185.02
      after =93
  1280px/at_top/sticky.railName.width
      before='185.016px'
      after ='93px'
  1280px/at_top/sticky.railName.x
      before=1059.48
      after =1169
  1280px/at_top/sticky.railName.y
      before=223.97
      after =370.97
  1280px/at_top/sticky.railPill.bottom
      before=461.56
      after =478.56
  1280px/at_top/sticky.railPill.right
      before=1276
      after =1268
  1280px/at_top/sticky.railPill.right_css
      before='0px'
      after ='2px'
  1280px/at_top/sticky.railPill.top
      before='234px'
      after ='104px'
  1280px/at_top/sticky.railPill.x
      before=1094.16
      after =1086.16
  1280px/at_top/sticky.railPill.y
      before=438.44
      after =455.44
  1280px/at_top/sticky.railTicks.bottom
      before=412
      after =559
  1280px/at_top/sticky.railTicks.right
      before=1240.53
      after =1264
  1280px/at_top/sticky.railTicks.w
      before=202.02
      after =110
  1280px/at_top/sticky.railTicks.x
      before=1057.48
      after =1154
  1280px/at_top/sticky.railTicks.y
      before=228
      after =375
  1280px/at_top/sticky.railTrack.bottom
      before=414
      after =561
  1280px/at_top/sticky.railTrack.padding
      before='2px 8px'
      after ='2px 0px'
  1280px/at_top/sticky.railTrack.right
      before=1270
      after =1264
  1280px/at_top/sticky.railTrack.w
      before=223
      after =110
  1280px/at_top/sticky.railTrack.width
      before='223px'
      after ='110px'
  1280px/at_top/sticky.railTrack.x
      before=1047
      after =1154
  1280px/at_top/sticky.railTrack.y
      before=226
      after =373
  1280px/scrolled/sticky.rail.bottom
      before=684
      after =571
  1280px/scrolled/sticky.rail.h
      before=468
      after =208
  1280px/scrolled/sticky.rail.right
      before=1270
      after =1264
  1280px/scrolled/sticky.rail.right_css
      before='10px'
      after ='16px'
  1280px/scrolled/sticky.rail.top
      before='450px'
      after ='467px'
  1280px/scrolled/sticky.rail.w
      before=223
      after =110
  1280px/scrolled/sticky.rail.width
      before='223px'
      after ='110px'
  1280px/scrolled/sticky.rail.x
      before=1047
      after =1154
  1280px/scrolled/sticky.rail.y
      before=216
      after =363
  1280px/scrolled/sticky.rail.zIndex
      before='70'
      after ='24'
  1280px/scrolled/sticky.railBubble.bottom
      before=231.16
      after =378.17
  1280px/scrolled/sticky.railBubble.margin
      before='0px'
      after ='0px 6px 0px 0px'
  1280px/scrolled/sticky.railBubble.right
      before=1256.04
      after =1144.04
  1280px/scrolled/sticky.railBubble.right_css
      before='10px'
      after ='110px'
  1280px/scrolled/sticky.railBubble.x
      before=1065.94
      after =953.94
  1280px/scrolled/sticky.railBubble.y
      before=200.84
      after =347.83
  1280px/scrolled/sticky.railBubble.zIndex
      before='90'
      after ='26'
  1280px/scrolled/sticky.railFill.bottom
      before=672
      after =559
  1280px/scrolled/sticky.railFill.h
      before=444
      after =184
  1280px/scrolled/sticky.railFill.right
      before=1159.5
      after =1161
  1280px/scrolled/sticky.railFill.right_css
      before='110.5px'
      after ='103px'
  1280px/scrolled/sticky.railFill.x
      before=1157.5
      after =1159
  1280px/scrolled/sticky.railFill.y
      before=228
      after =375
  1280px/scrolled/sticky.railGo.bottom
      before=238
      after =385
  1280px/scrolled/sticky.railGo.margin
      before='0px'
      after ='0px 6px 0px 0px'
  1280px/scrolled/sticky.railGo.right
      before=1260
      after =1148
  1280px/scrolled/sticky.railGo.right_css
      before='10px'
      after ='110px'
  1280px/scrolled/sticky.railGo.x
      before=1228.34
      after =1116.34
  1280px/scrolled/sticky.railGo.y
      before=216
      after =363
  1280px/scrolled/sticky.railGo.zIndex
      before='91'
      after ='26'
  1280px/scrolled/sticky.railMarks.first.cy
      before=232
      after =379
  1280px/scrolled/sticky.railMarks.first.right
      before=1257.5
      after =1164
  1280px/scrolled/sticky.railMarks.first.x
      before=1249.5
      after =1156
  1280px/scrolled/sticky.railMarks.last.cy
      before=408
      after =555
  1280px/scrolled/sticky.railMarks.last.right
      before=1238.53
      after =1164
  1280px/scrolled/sticky.railMarks.last.x
      before=1230.53
      after =1156
  1280px/scrolled/sticky.railName.bottom
      before=240.03
      after =387.03
  1280px/scrolled/sticky.railName.maxWidth
      before='190px'
      after ='93px'
  1280px/scrolled/sticky.railName.right
      before=1244.5
      after =1262
  1280px/scrolled/sticky.railName.w
      before=185.02
      after =93
  1280px/scrolled/sticky.railName.width
      before='185.016px'
      after ='93px'
  1280px/scrolled/sticky.railName.x
      before=1059.48
      after =1169
  1280px/scrolled/sticky.railName.y
      before=223.97
      after =370.97
  1280px/scrolled/sticky.railPill.bottom
      before=461.56
      after =478.56
  1280px/scrolled/sticky.railPill.right
      before=1276
      after =1268
  1280px/scrolled/sticky.railPill.right_css
      before='0px'
      after ='2px'
  1280px/scrolled/sticky.railPill.top
      before='234px'
      after ='104px'
  1280px/scrolled/sticky.railPill.x
      before=1086
      after =1078
  1280px/scrolled/sticky.railPill.y
      before=438.44
      after =455.44
  1280px/scrolled/sticky.railTicks.bottom
      before=412
      after =559
  1280px/scrolled/sticky.railTicks.right
      before=1240.53
      after =1264
  1280px/scrolled/sticky.railTicks.w
      before=202.02
      after =110
  1280px/scrolled/sticky.railTicks.x
      before=1057.48
      after =1154
  1280px/scrolled/sticky.railTicks.y
      before=228
      after =375
  1280px/scrolled/sticky.railTrack.bottom
      before=414
      after =561
  1280px/scrolled/sticky.railTrack.padding
      before='2px 8px'
      after ='2px 0px'
  1280px/scrolled/sticky.railTrack.right
      before=1270
      after =1264
  1280px/scrolled/sticky.railTrack.w
      before=223
      after =110
  1280px/scrolled/sticky.railTrack.width
      before='223px'
      after ='110px'
  1280px/scrolled/sticky.railTrack.x
      before=1047
      after =1154
  1280px/scrolled/sticky.railTrack.y
      before=226
      after =373
  1440px/at_top/sticky.rail.bottom
      before=684
      after =571
  1440px/at_top/sticky.rail.h
      before=468
      after =208
  1440px/at_top/sticky.rail.right
      before=1430
      after =1424
  1440px/at_top/sticky.rail.right_css
      before='10px'
      after ='16px'
  1440px/at_top/sticky.rail.top
      before='450px'
      after ='467px'
  1440px/at_top/sticky.rail.w
      before=223
      after =190
  1440px/at_top/sticky.rail.width
      before='223px'
      after ='190px'
  1440px/at_top/sticky.rail.x
      before=1207
      after =1234
  1440px/at_top/sticky.rail.y
      before=216
      after =363
  1440px/at_top/sticky.rail.zIndex
      before='70'
      after ='24'
  1440px/at_top/sticky.railBubble.bottom
      before=231.16
      after =378.17
  1440px/at_top/sticky.railBubble.margin
      before='0px'
      after ='0px 6px 0px 0px'
  1440px/at_top/sticky.railBubble.right
      before=1416.04
      after =1224.04
  1440px/at_top/sticky.railBubble.right_css
      before='10px'
      after ='190px'
  1440px/at_top/sticky.railBubble.x
      before=1225.94
      after =1033.94
  1440px/at_top/sticky.railBubble.y
      before=200.84
      after =347.83
  1440px/at_top/sticky.railBubble.zIndex
      before='90'
      after ='26'
  1440px/at_top/sticky.railFill.bottom
      before=672
      after =559
  1440px/at_top/sticky.railFill.h
      before=444
      after =184
  1440px/at_top/sticky.railFill.right
      before=1319.5
      after =1241
  1440px/at_top/sticky.railFill.right_css
      before='110.5px'
      after ='183px'
  1440px/at_top/sticky.railFill.x
      before=1317.5
      after =1239
  1440px/at_top/sticky.railFill.y
      before=228
      after =375
  1440px/at_top/sticky.railGo.bottom
      before=238
      after =385
  1440px/at_top/sticky.railGo.margin
      before='0px'
      after ='0px 6px 0px 0px'
  1440px/at_top/sticky.railGo.right
      before=1420
      after =1228
  1440px/at_top/sticky.railGo.right_css
      before='10px'
      after ='190px'
  1440px/at_top/sticky.railGo.x
      before=1388.34
      after =1196.34
  1440px/at_top/sticky.railGo.y
      before=216
      after =363
  1440px/at_top/sticky.railGo.zIndex
      before='91'
      after ='26'
  1440px/at_top/sticky.railMarks.first.cy
      before=232
      after =379
  1440px/at_top/sticky.railMarks.first.right
      before=1418.9
      after =1245.4
  1440px/at_top/sticky.railMarks.first.x
      before=1408.1
      after =1234.6
  1440px/at_top/sticky.railMarks.last.cy
      before=408
      after =555
  1440px/at_top/sticky.railMarks.last.right
      before=1398.53
      after =1244
  1440px/at_top/sticky.railMarks.last.x
      before=1390.53
      after =1236
  1440px/at_top/sticky.railName.bottom
      before=240.03
      after =387.03
  1440px/at_top/sticky.railName.maxWidth
      before='190px'
      after ='173px'
  1440px/at_top/sticky.railName.right
      before=1404.5
      after =1422
  1440px/at_top/sticky.railName.w
      before=185.02
      after =173
  1440px/at_top/sticky.railName.width
      before='185.016px'
      after ='173px'
  1440px/at_top/sticky.railName.x
      before=1219.48
      after =1249
  1440px/at_top/sticky.railName.y
      before=223.97
      after =370.97
  1440px/at_top/sticky.railPill.bottom
      before=461.56
      after =478.56
  1440px/at_top/sticky.railPill.right
      before=1436
      after =1428
  1440px/at_top/sticky.railPill.right_css
      before='0px'
      after ='2px'
  1440px/at_top/sticky.railPill.top
      before='234px'
      after ='104px'
  1440px/at_top/sticky.railPill.x
      before=1254.16
      after =1246.16
  1440px/at_top/sticky.railPill.y
      before=438.44
      after =455.44
  1440px/at_top/sticky.railTicks.bottom
      before=412
      after =559
  1440px/at_top/sticky.railTicks.right
      before=1400.53
      after =1424
  1440px/at_top/sticky.railTicks.w
      before=202.02
      after =190
  1440px/at_top/sticky.railTicks.x
      before=1217.48
      after =1234
  1440px/at_top/sticky.railTicks.y
      before=228
      after =375
  1440px/at_top/sticky.railTrack.bottom
      before=414
      after =561
  1440px/at_top/sticky.railTrack.padding
      before='2px 8px'
      after ='2px 0px'
  1440px/at_top/sticky.railTrack.right
      before=1430
      after =1424
  1440px/at_top/sticky.railTrack.w
      before=223
      after =190
  1440px/at_top/sticky.railTrack.width
      before='223px'
      after ='190px'
  1440px/at_top/sticky.railTrack.x
      before=1207
      after =1234
  1440px/at_top/sticky.railTrack.y
      before=226
      after =373
  1440px/scrolled/sticky.rail.bottom
      before=684
      after =571
  1440px/scrolled/sticky.rail.h
      before=468
      after =208
  1440px/scrolled/sticky.rail.right
      before=1430
      after =1424
  1440px/scrolled/sticky.rail.right_css
      before='10px'
      after ='16px'
  1440px/scrolled/sticky.rail.top
      before='450px'
      after ='467px'
  1440px/scrolled/sticky.rail.w
      before=223
      after =190
  1440px/scrolled/sticky.rail.width
      before='223px'
      after ='190px'
  1440px/scrolled/sticky.rail.x
      before=1207
      after =1234
  1440px/scrolled/sticky.rail.y
      before=216
      after =363
  1440px/scrolled/sticky.rail.zIndex
      before='70'
      after ='24'
  1440px/scrolled/sticky.railBubble.bottom
      before=231.16
      after =378.17
  1440px/scrolled/sticky.railBubble.margin
      before='0px'
      after ='0px 6px 0px 0px'
  1440px/scrolled/sticky.railBubble.right
      before=1416.04
      after =1224.04
  1440px/scrolled/sticky.railBubble.right_css
      before='10px'
      after ='190px'
  1440px/scrolled/sticky.railBubble.x
      before=1225.94
      after =1033.94
  1440px/scrolled/sticky.railBubble.y
      before=200.84
      after =347.83
  1440px/scrolled/sticky.railBubble.zIndex
      before='90'
      after ='26'
  1440px/scrolled/sticky.railFill.bottom
      before=672
      after =559
  1440px/scrolled/sticky.railFill.h
      before=444
      after =184
  1440px/scrolled/sticky.railFill.right
      before=1319.5
      after =1241
  1440px/scrolled/sticky.railFill.right_css
      before='110.5px'
      after ='183px'
  1440px/scrolled/sticky.railFill.x
      before=1317.5
      after =1239
  1440px/scrolled/sticky.railFill.y
      before=228
      after =375
  1440px/scrolled/sticky.railGo.bottom
      before=238
      after =385
  1440px/scrolled/sticky.railGo.margin
      before='0px'
      after ='0px 6px 0px 0px'
  1440px/scrolled/sticky.railGo.right
      before=1420
      after =1228
  1440px/scrolled/sticky.railGo.right_css
      before='10px'
      after ='190px'
  1440px/scrolled/sticky.railGo.x
      before=1388.34
      after =1196.34
  1440px/scrolled/sticky.railGo.y
      before=216
      after =363
  1440px/scrolled/sticky.railGo.zIndex
      before='91'
      after ='26'
  1440px/scrolled/sticky.railMarks.first.cy
      before=232
      after =379
  1440px/scrolled/sticky.railMarks.first.right
      before=1417.5
      after =1244
  1440px/scrolled/sticky.railMarks.first.x
      before=1409.5
      after =1236
  1440px/scrolled/sticky.railMarks.last.cy
      before=408
      after =555
  1440px/scrolled/sticky.railMarks.last.right
      before=1398.53
      after =1244
  1440px/scrolled/sticky.railMarks.last.x
      before=1390.53
      after =1236
  1440px/scrolled/sticky.railName.bottom
      before=240.03
      after =387.03
  1440px/scrolled/sticky.railName.maxWidth
      before='190px'
      after ='173px'
  1440px/scrolled/sticky.railName.right
      before=1404.5
      after =1422
  1440px/scrolled/sticky.railName.w
      before=185.02
      after =173
  1440px/scrolled/sticky.railName.width
      before='185.016px'
      after ='173px'
  1440px/scrolled/sticky.railName.x
      before=1219.48
      after =1249
  1440px/scrolled/sticky.railName.y
      before=223.97
      after =370.97
  1440px/scrolled/sticky.railPill.bottom
      before=461.56
      after =478.56
  1440px/scrolled/sticky.railPill.right
      before=1436
      after =1428
  1440px/scrolled/sticky.railPill.right_css
      before='0px'
      after ='2px'
  1440px/scrolled/sticky.railPill.top
      before='234px'
      after ='104px'
  1440px/scrolled/sticky.railPill.x
      before=1246
      after =1238
  1440px/scrolled/sticky.railPill.y
      before=438.44
      after =455.44
  1440px/scrolled/sticky.railTicks.bottom
      before=412
      after =559
  1440px/scrolled/sticky.railTicks.right
      before=1400.53
      after =1424
  1440px/scrolled/sticky.railTicks.w
      before=202.02
      after =190
  1440px/scrolled/sticky.railTicks.x
      before=1217.48
      after =1234
  1440px/scrolled/sticky.railTicks.y
      before=228
      after =375
  1440px/scrolled/sticky.railTrack.bottom
      before=414
      after =561
  1440px/scrolled/sticky.railTrack.padding
      before='2px 8px'
      after ='2px 0px'
  1440px/scrolled/sticky.railTrack.right
      before=1430
      after =1424
  1440px/scrolled/sticky.railTrack.w
      before=223
      after =190
  1440px/scrolled/sticky.railTrack.width
      before='223px'
      after ='190px'
  1440px/scrolled/sticky.railTrack.x
      before=1207
      after =1234
  1440px/scrolled/sticky.railTrack.y
      before=226
      after =373
  1920px/at_top/sticky.rail.bottom
      before=684
      after =571
  1920px/at_top/sticky.rail.h
      before=468
      after =208
  1920px/at_top/sticky.rail.right
      before=1910
      after =1671
  1920px/at_top/sticky.rail.right_css
      before='10px'
      after ='249px'
  1920px/at_top/sticky.rail.top
      before='450px'
      after ='467px'
  1920px/at_top/sticky.rail.w
      before=223
      after =197
  1920px/at_top/sticky.rail.width
      before='223px'
      after ='197px'
  1920px/at_top/sticky.rail.x
      before=1687
      after =1474
  1920px/at_top/sticky.rail.y
      before=216
      after =363
  1920px/at_top/sticky.rail.zIndex
      before='70'
      after ='24'
  1920px/at_top/sticky.railBubble.bottom
      before=231.16
      after =378.17
  1920px/at_top/sticky.railBubble.margin
      before='0px'
      after ='0px 6px 0px 0px'
  1920px/at_top/sticky.railBubble.right
      before=1896.04
      after =1464.04
  1920px/at_top/sticky.railBubble.right_css
      before='10px'
      after ='197px'
  1920px/at_top/sticky.railBubble.x
      before=1705.94
      after =1273.94
  1920px/at_top/sticky.railBubble.y
      before=200.84
      after =347.83
  1920px/at_top/sticky.railBubble.zIndex
      before='90'
      after ='26'
  1920px/at_top/sticky.railFill.bottom
      before=672
      after =559
  1920px/at_top/sticky.railFill.h
      before=444
      after =184
  1920px/at_top/sticky.railFill.right
      before=1799.5
      after =1481
  1920px/at_top/sticky.railFill.right_css
      before='110.5px'
      after ='190px'
  1920px/at_top/sticky.railFill.x
      before=1797.5
      after =1479
  1920px/at_top/sticky.railFill.y
      before=228
      after =375
  1920px/at_top/sticky.railGo.bottom
      before=238
      after =385
  1920px/at_top/sticky.railGo.margin
      before='0px'
      after ='0px 6px 0px 0px'
  1920px/at_top/sticky.railGo.right
      before=1900
      after =1468
  1920px/at_top/sticky.railGo.right_css
      before='10px'
      after ='197px'
  1920px/at_top/sticky.railGo.x
      before=1868.34
      after =1436.34
  1920px/at_top/sticky.railGo.y
      before=216
      after =363
  1920px/at_top/sticky.railGo.zIndex
      before='91'
      after ='26'
  1920px/at_top/sticky.railMarks.first.cy
      before=232
      after =379
  1920px/at_top/sticky.railMarks.first.right
      before=1898.9
      after =1485.4
  1920px/at_top/sticky.railMarks.first.x
      before=1888.1
      after =1474.6
  1920px/at_top/sticky.railMarks.last.cy
      before=408
      after =555
  1920px/at_top/sticky.railMarks.last.right
      before=1878.53
      after =1484
  1920px/at_top/sticky.railMarks.last.x
      before=1870.53
      after =1476
  1920px/at_top/sticky.railName.bottom
      before=240.03
      after =387.03
  1920px/at_top/sticky.railName.maxWidth
      before='190px'
      after ='180px'
  1920px/at_top/sticky.railName.right
      before=1884.5
      after =1669
  1920px/at_top/sticky.railName.w
      before=185.02
      after =180
  1920px/at_top/sticky.railName.width
      before='185.016px'
      after ='180px'
  1920px/at_top/sticky.railName.x
      before=1699.48
      after =1489
  1920px/at_top/sticky.railName.y
      before=223.97
      after =370.97
  1920px/at_top/sticky.railPill.bottom
      before=461.56
      after =478.56
  1920px/at_top/sticky.railPill.right
      before=1916
      after =1675
  1920px/at_top/sticky.railPill.right_css
      before='0px'
      after ='2px'
  1920px/at_top/sticky.railPill.top
      before='234px'
      after ='104px'
  1920px/at_top/sticky.railPill.x
      before=1734.16
      after =1493.16
  1920px/at_top/sticky.railPill.y
      before=438.44
      after =455.44
  1920px/at_top/sticky.railTicks.bottom
      before=412
      after =559
  1920px/at_top/sticky.railTicks.right
      before=1880.53
      after =1671
  1920px/at_top/sticky.railTicks.w
      before=202.02
      after =197
  1920px/at_top/sticky.railTicks.x
      before=1697.48
      after =1474
  1920px/at_top/sticky.railTicks.y
      before=228
      after =375
  1920px/at_top/sticky.railTrack.bottom
      before=414
      after =561
  1920px/at_top/sticky.railTrack.padding
      before='2px 8px'
      after ='2px 0px'
  1920px/at_top/sticky.railTrack.right
      before=1910
      after =1671
  1920px/at_top/sticky.railTrack.w
      before=223
      after =197
  1920px/at_top/sticky.railTrack.width
      before='223px'
      after ='197px'
  1920px/at_top/sticky.railTrack.x
      before=1687
      after =1474
  1920px/at_top/sticky.railTrack.y
      before=226
      after =373
  1920px/scrolled/sticky.rail.bottom
      before=684
      after =571
  1920px/scrolled/sticky.rail.h
      before=468
      after =208
  1920px/scrolled/sticky.rail.right
      before=1910
      after =1671
  1920px/scrolled/sticky.rail.right_css
      before='10px'
      after ='249px'
  1920px/scrolled/sticky.rail.top
      before='450px'
      after ='467px'
  1920px/scrolled/sticky.rail.w
      before=223
      after =197
  1920px/scrolled/sticky.rail.width
      before='223px'
      after ='197px'
  1920px/scrolled/sticky.rail.x
      before=1687
      after =1474
  1920px/scrolled/sticky.rail.y
      before=216
      after =363
  1920px/scrolled/sticky.rail.zIndex
      before='70'
      after ='24'
  1920px/scrolled/sticky.railBubble.bottom
      before=231.16
      after =378.17
  1920px/scrolled/sticky.railBubble.margin
      before='0px'
      after ='0px 6px 0px 0px'
  1920px/scrolled/sticky.railBubble.right
      before=1896.04
      after =1464.04
  1920px/scrolled/sticky.railBubble.right_css
      before='10px'
      after ='197px'
  1920px/scrolled/sticky.railBubble.x
      before=1705.94
      after =1273.94
  1920px/scrolled/sticky.railBubble.y
      before=200.84
      after =347.83
  1920px/scrolled/sticky.railBubble.zIndex
      before='90'
      after ='26'
  1920px/scrolled/sticky.railFill.bottom
      before=672
      after =559
  1920px/scrolled/sticky.railFill.h
      before=444
      after =184
  1920px/scrolled/sticky.railFill.right
      before=1799.5
      after =1481
  1920px/scrolled/sticky.railFill.right_css
      before='110.5px'
      after ='190px'
  1920px/scrolled/sticky.railFill.x
      before=1797.5
      after =1479
  1920px/scrolled/sticky.railFill.y
      before=228
      after =375
  1920px/scrolled/sticky.railGo.bottom
      before=238
      after =385
  1920px/scrolled/sticky.railGo.margin
      before='0px'
      after ='0px 6px 0px 0px'
  1920px/scrolled/sticky.railGo.right
      before=1900
      after =1468
  1920px/scrolled/sticky.railGo.right_css
      before='10px'
      after ='197px'
  1920px/scrolled/sticky.railGo.x
      before=1868.34
      after =1436.34
  1920px/scrolled/sticky.railGo.y
      before=216
      after =363
  1920px/scrolled/sticky.railGo.zIndex
      before='91'
      after ='26'
  1920px/scrolled/sticky.railMarks.first.cy
      before=232
      after =379
  1920px/scrolled/sticky.railMarks.first.right
      before=1897.5
      after =1484
  1920px/scrolled/sticky.railMarks.first.x
      before=1889.5
      after =1476
  1920px/scrolled/sticky.railMarks.last.cy
      before=408
      after =555
  1920px/scrolled/sticky.railMarks.last.right
      before=1878.53
      after =1484
  1920px/scrolled/sticky.railMarks.last.x
      before=1870.53
      after =1476
  1920px/scrolled/sticky.railName.bottom
      before=240.03
      after =387.03
  1920px/scrolled/sticky.railName.maxWidth
      before='190px'
      after ='180px'
  1920px/scrolled/sticky.railName.right
      before=1884.5
      after =1669
  1920px/scrolled/sticky.railName.w
      before=185.02
      after =180
  1920px/scrolled/sticky.railName.width
      before='185.016px'
      after ='180px'
  1920px/scrolled/sticky.railName.x
      before=1699.48
      after =1489
  1920px/scrolled/sticky.railName.y
      before=223.97
      after =370.97
  1920px/scrolled/sticky.railPill.bottom
      before=461.56
      after =478.56
  1920px/scrolled/sticky.railPill.right
      before=1916
      after =1675
  1920px/scrolled/sticky.railPill.right_css
      before='0px'
      after ='2px'
  1920px/scrolled/sticky.railPill.top
      before='234px'
      after ='104px'
  1920px/scrolled/sticky.railPill.x
      before=1726
      after =1485
  1920px/scrolled/sticky.railPill.y
      before=438.44
      after =455.44
  1920px/scrolled/sticky.railTicks.bottom
      before=412
      after =559
  1920px/scrolled/sticky.railTicks.right
      before=1880.53
      after =1671
  1920px/scrolled/sticky.railTicks.w
      before=202.02
      after =197
  1920px/scrolled/sticky.railTicks.x
      before=1697.48
      after =1474
  1920px/scrolled/sticky.railTicks.y
      before=228
      after =375
  1920px/scrolled/sticky.railTrack.bottom
      before=414
      after =561
  1920px/scrolled/sticky.railTrack.padding
      before='2px 8px'
      after ='2px 0px'
  1920px/scrolled/sticky.railTrack.right
      before=1910
      after =1671
  1920px/scrolled/sticky.railTrack.w
      before=223
      after =197
  1920px/scrolled/sticky.railTrack.width
      before='223px'
      after ='197px'
  1920px/scrolled/sticky.railTrack.x
      before=1687
      after =1474
  1920px/scrolled/sticky.railTrack.y
      before=226
      after =373

Guides are not in the audit's field set (they did not exist then), so their presence is asserted by tools/check_column_guides.py instead.
